m25p80_select [0x55ef4c617d50] deselect
m25p80_select [0x55ef4d3e0400] deselect
m25p80_select [0x55ef4d3e0400] select
m25p80_transfer [0x55ef4d3e0400] Transfer state 0x0 len 0x0 needed 0x0 pos 0x0 addr 0x0 tx 0x9f
m25p80_transfer [0x55ef4d3e0400] Transfer state 0x5 len 0x6 needed 0x0 pos 0x0 addr 0x0 tx 0xff
m25p80_transfer [0x55ef4d3e0400] Transfer state 0x5 len 0x6 needed 0x0 pos 0x1 addr 0x0 tx 0xff
m25p80_transfer [0x55ef4d3e0400] Transfer state 0x5 len 0x6 needed 0x0 pos 0x2 addr 0x0 tx 0xff
m25p80_select [0x55ef4d3e0400] deselect
m25p80_select [0x55ef4d3e0400] select
m25p80_transfer [0x55ef4d3e0400] Transfer state 0x0 len 0x0 needed 0x0 pos 0x0 addr 0x0 tx 0x6
m25p80_select [0x55ef4d3e0400] deselect
m25p80_select [0x55ef4d3e0400] select
m25p80_transfer [0x55ef4d3e0400] Transfer state 0x0 len 0x0 needed 0x0 pos 0x0 addr 0x0 tx 0x5
m25p80_transfer [0x55ef4d3e0400] Transfer state 0x5 len 0x1 needed 0x0 pos 0x0 addr 0x0 tx 0xff
m25p80_select [0x55ef4d3e0400] deselect
m25p80_select [0x55ef4d3e0400] select
m25p80_transfer [0x55ef4d3e0400] Transfer state 0x0 len 0x0 needed 0x0 pos 0x0 addr 0x0 tx 0x2
m25p80_transfer [0x55ef4d3e0400] Transfer state 0x3 len 0x0 needed 0x3 pos 0x0 addr 0x0 tx 0x0
m25p80_transfer [0x55ef4d3e0400] Transfer state 0x3 len 0x1 needed 0x3 pos 0x0 addr 0x0 tx 0x10
m25p80_transfer [0x55ef4d3e0400] Transfer state 0x3 len 0x2 needed 0x3 pos 0x0 addr 0x0 tx 0x0
m25p80_transfer [0x55ef4d3e0400] Transfer state 0x1 len 0x3 needed 0x3 pos 0x0 addr 0x1000 tx 0x0
m25p80_transfer [0x55ef4d3e0400] Transfer state 0x1 len 0x3 needed 0x3 pos 0x0 addr 0x1001 tx 0x25
m25p80_transfer [0x55ef4d3e0400] Transfer state 0x1 len 0x3 needed 0x3 pos 0x0 addr 0x1002 tx 0x4a
m25p80_transfer [0x55ef4d3e0400] Transfer state 0x1 len 0x3 needed 0x3 pos 0x0 addr 0x1003 tx 0x6f
m25p80_transfer [0x55ef4d3e0400] Transfer state 0x1 len 0x3 needed 0x3 pos 0x0 addr 0x1004 tx 0x94
m25p80_transfer [0x55ef4d3e0400] Transfer state 0x1 len 0x3 needed 0x3 pos 0x0 addr 0x1005 tx 0xb9
m25p80_transfer [0x55ef4d3e0400] Transfer state 0x1 len 0x3 needed 0x3 pos 0x0 addr 0x1006 tx 0xde
m25p80_transfer [0x55ef4d3e0400] Transfer state 0x1 len 0x3 needed 0x3 pos 0x0 addr 0x1007 tx 0x3
m25p80_transfer [0x55ef4d3e0400] Transfer state 0x1 len 0x3 needed 0x3 pos 0x0 addr 0x1008 tx 0x28
m25p80_transfer [0x55ef4d3e0400] Transfer state 0x1 len 0x3 needed 0x3 pos 0x0 addr 0x1009 tx 0x4d
m25p80_transfer [0x55ef4d3e0400] Transfer state 0x1 len 0x3 needed 0x3 pos 0x0 addr 0x100a tx 0x72
m25p80_transfer [0x55ef4d3e0400] Transfer state 0x1 len 0x3 needed 0x3 pos 0x0 addr 0x100b tx 0x97
m25p80_transfer [0x55ef4d3e0400] Transfer state 0x1 len 0x3 needed 0x3 pos 0x0 addr 0x100c tx 0xbc
m25p80_transfer [0x55ef4d3e0400] Transfer state 0x1 len 0x3 needed 0x3 pos 0x0 addr 0x100d tx 0xe1
m25p80_transfer [0x55ef4d3e0400] Transfer state 0x1 len 0x3 needed 0x3 pos 0x0 addr 0x100e tx 0x6
m25p80_transfer [0x55ef4d3e0400] Transfer state 0x1 len 0x3 needed 0x3 pos 0x0 addr 0x100f tx 0x2b
m25p80_transfer [0x55ef4d3e0400] Transfer state 0x1 len 0x3 needed 0x3 pos 0x0 addr 0x1010 tx 0x50
m25p80_transfer [0x55ef4d3e0400] Transfer state 0x1 len 0x3 needed 0x3 pos 0x0 addr 0x1011 tx 0x75
m25p80_transfer [0x55ef4d3e0400] Transfer state 0x1 len 0x3 needed 0x3 pos 0x0 addr 0x1012 tx 0x9a
m25p80_transfer [0x55ef4d3e0400] Transfer state 0x1 len 0x3 needed 0x3 pos 0x0 addr 0x1013 tx 0xbf
m25p80_transfer [0x55ef4d3e0400] Transfer state 0x1 len 0x3 needed 0x3 pos 0x0 addr 0x1014 tx 0xe4
m25p80_transfer [0x55ef4d3e0400] Transfer state 0x1 len 0x3 needed 0x3 pos 0x0 addr 0x1015 tx 0x9
m25p80_transfer [0x55ef4d3e0400] Transfer state 0x1 len 0x3 needed 0x3 pos 0x0 addr 0x1016 tx 0x2e
m25p80_transfer [0x55ef4d3e0400] Transfer state 0x1 len 0x3 needed 0x3 pos 0x0 addr 0x1017 tx 0x53
m25p80_transfer [0x55ef4d3e0400] Transfer state 0x1 len 0x3 needed 0x3 pos 0x0 addr 0x1018 tx 0x78
m25p80_transfer [0x55ef4d3e0400] Transfer state 0x1 len 0x3 needed 0x3 pos 0x0 addr 0x1019 tx 0x9d
m25p80_transfer [0x55ef4d3e0400] Transfer state 0x1 len 0x3 needed 0x3 pos 0x0 addr 0x101a tx 0xc2
m25p80_transfer [0x55ef4d3e0400] Transfer state 0x1 len 0x3 needed 0x3 pos 0x0 addr 0x101b tx 0xe7
m25p80_transfer [0x55ef4d3e0400] Transfer state 0x1 len 0x3 needed 0x3 pos 0x0 addr 0x101c tx 0xc
m25p80_transfer [0x55ef4d3e0400] Transfer state 0x1 len 0x3 needed 0x3 pos 0x0 addr 0x101d tx 0x31
m25p80_transfer [0x55ef4d3e0400] Transfer state 0x1 len 0x3 needed 0x3 pos 0x0 addr 0x101e tx 0x56
m25p80_transfer [0x55ef4d3e0400] Transfer state 0x1 len 0x3 needed 0x3 pos 0x0 addr 0x101f tx 0x7b
m25p80_transfer [0x55ef4d3e0400] Transfer state 0x1 len 0x3 needed 0x3 pos 0x0 addr 0x1020 tx 0xa0
m25p80_transfer [0x55ef4d3e0400] Transfer state 0x1 len 0x3 needed 0x3 pos 0x0 addr 0x1021 tx 0xc5
m25p80_transfer [0x55ef4d3e0400] Transfer state 0x1 len 0x3 needed 0x3 pos 0x0 addr 0x1022 tx 0xea
m25p80_transfer [0x55ef4d3e0400] Transfer state 0x1 len 0x3 needed 0x3 pos 0x0 addr 0x1023 tx 0xf
m25p80_transfer [0x55ef4d3e0400] Transfer state 0x1 len 0x3 needed 0x3 pos 0x0 addr 0x1024 tx 0x34
m25p80_transfer [0x55ef4d3e0400] Transfer state 0x1 len 0x3 needed 0x3 pos 0x0 addr 0x1025 tx 0x59
m25p80_transfer [0x55ef4d3e0400] Transfer state 0x1 len 0x3 needed 0x3 pos 0x0 addr 0x1026 tx 0x7e
m25p80_transfer [0x55ef4d3e0400] Transfer state 0x1 len 0x3 needed 0x3 pos 0x0 addr 0x1027 tx 0xa3
m25p80_transfer [0x55ef4d3e0400] Transfer state 0x1 len 0x3 needed 0x3 pos 0x0 addr 0x1028 tx 0xc8
m25p80_transfer [0x55ef4d3e0400] Transfer state 0x1 len 0x3 needed 0x3 pos 0x0 addr 0x1029 tx 0xed
m25p80_transfer [0x55ef4d3e0400] Transfer state 0x1 len 0x3 needed 0x3 pos 0x0 addr 0x102a tx 0x12
m25p80_transfer [0x55ef4d3e0400] Transfer state 0x1 len 0x3 needed 0x3 pos 0x0 addr 0x102b tx 0x37
m25p80_transfer [0x55ef4d3e0400] Transfer state 0x1 len 0x3 needed 0x3 pos 0x0 addr 0x102c tx 0x5c
m25p80_transfer [0x55ef4d3e0400] Transfer state 0x1 len 0x3 needed 0x3 pos 0x0 addr 0x102d tx 0x81
m25p80_transfer [0x55ef4d3e0400] Transfer state 0x1 len 0x3 needed 0x3 pos 0x0 addr 0x102e tx 0xa6
m25p80_transfer [0x55ef4d3e0400] Transfer state 0x1 len 0x3 needed 0x3 pos 0x0 addr 0x102f tx 0xcb
m25p80_transfer [0x55ef4d3e0400] Transfer state 0x1 len 0x3 needed 0x3 pos 0x0 addr 0x1030 tx 0xf0
m25p80_transfer [0x55ef4d3e0400] Transfer state 0x1 len 0x3 needed 0x3 pos 0x0 addr 0x1031 tx 0x15
m25p80_transfer [0x55ef4d3e0400] Transfer state 0x1 len 0x3 needed 0x3 pos 0x0 addr 0x1032 tx 0x3a
m25p80_transfer [0x55ef4d3e0400] Transfer state 0x1 len 0x3 needed 0x3 pos 0x0 addr 0x1033 tx 0x5f
m25p80_transfer [0x55ef4d3e0400] Transfer state 0x1 len 0x3 needed 0x3 pos 0x0 addr 0x1034 tx 0x84
m25p80_transfer [0x55ef4d3e0400] Transfer state 0x1 len 0x3 needed 0x3 pos 0x0 addr 0x1035 tx 0xa9
m25p80_transfer [0x55ef4d3e0400] Transfer state 0x1 len 0x3 needed 0x3 pos 0x0 addr 0x1036 tx 0xce
m25p80_transfer [0x55ef4d3e0400] Transfer state 0x1 len 0x3 needed 0x3 pos 0x0 addr 0x1037 tx 0xf3
m25p80_transfer [0x55ef4d3e0400] Transfer state 0x1 len 0x3 needed 0x3 pos 0x0 addr 0x1038 tx 0x18
m25p80_transfer [0x55ef4d3e0400] Transfer state 0x1 len 0x3 needed 0x3 pos 0x0 addr 0x1039 tx 0x3d
m25p80_transfer [0x55ef4d3e0400] Transfer state 0x1 len 0x3 needed 0x3 pos 0x0 addr 0x103a tx 0x62
m25p80_transfer [0x55ef4d3e0400] Transfer state 0x1 len 0x3 needed 0x3 pos 0x0 addr 0x103b tx 0x87
m25p80_transfer [0x55ef4d3e0400] Transfer state 0x1 len 0x3 needed 0x3 pos 0x0 addr 0x103c tx 0xac
m25p80_transfer [0x55ef4d3e0400] Transfer state 0x1 len 0x3 needed 0x3 pos 0x0 addr 0x103d tx 0xd1
m25p80_transfer [0x55ef4d3e0400] Transfer state 0x1 len 0x3 needed 0x3 pos 0x0 addr 0x103e tx 0xf6
m25p80_transfer [0x55ef4d3e0400] Transfer state 0x1 len 0x3 needed 0x3 pos 0x0 addr 0x103f tx 0x1b
m25p80_transfer [0x55ef4d3e0400] Transfer state 0x1 len 0x3 needed 0x3 pos 0x0 addr 0x1040 tx 0x40
m25p80_transfer [0x55ef4d3e0400] Transfer state 0x1 len 0x3 needed 0x3 pos 0x0 addr 0x1041 tx 0x65
m25p80_transfer [0x55ef4d3e0400] Transfer state 0x1 len 0x3 needed 0x3 pos 0x0 addr 0x1042 tx 0x8a
m25p80_transfer [0x55ef4d3e0400] Transfer state 0x1 len 0x3 needed 0x3 pos 0x0 addr 0x1043 tx 0xaf
m25p80_transfer [0x55ef4d3e0400] Transfer state 0x1 len 0x3 needed 0x3 pos 0x0 addr 0x1044 tx 0xd4
m25p80_transfer [0x55ef4d3e0400] Transfer state 0x1 len 0x3 needed 0x3 pos 0x0 addr 0x1045 tx 0xf9
m25p80_transfer [0x55ef4d3e0400] Transfer state 0x1 len 0x3 needed 0x3 pos 0x0 addr 0x1046 tx 0x1e
m25p80_transfer [0x55ef4d3e0400] Transfer state 0x1 len 0x3 needed 0x3 pos 0x0 addr 0x1047 tx 0x43
m25p80_transfer [0x55ef4d3e0400] Transfer state 0x1 len 0x3 needed 0x3 pos 0x0 addr 0x1048 tx 0x68
m25p80_transfer [0x55ef4d3e0400] Transfer state 0x1 len 0x3 needed 0x3 pos 0x0 addr 0x1049 tx 0x8d
m25p80_transfer [0x55ef4d3e0400] Transfer state 0x1 len 0x3 needed 0x3 pos 0x0 addr 0x104a tx 0xb2
m25p80_transfer [0x55ef4d3e0400] Transfer state 0x1 len 0x3 needed 0x3 pos 0x0 addr 0x104b tx 0xd7
m25p80_transfer [0x55ef4d3e0400] Transfer state 0x1 len 0x3 needed 0x3 pos 0x0 addr 0x104c tx 0xfc
m25p80_transfer [0x55ef4d3e0400] Transfer state 0x1 len 0x3 needed 0x3 pos 0x0 addr 0x104d tx 0x21
m25p80_transfer [0x55ef4d3e0400] Transfer state 0x1 len 0x3 needed 0x3 pos 0x0 addr 0x104e tx 0x46
m25p80_transfer [0x55ef4d3e0400] Transfer state 0x1 len 0x3 needed 0x3 pos 0x0 addr 0x104f tx 0x6b
m25p80_transfer [0x55ef4d3e0400] Transfer state 0x1 len 0x3 needed 0x3 pos 0x0 addr 0x1050 tx 0x90
m25p80_transfer [0x55ef4d3e0400] Transfer state 0x1 len 0x3 needed 0x3 pos 0x0 addr 0x1051 tx 0xb5
m25p80_transfer [0x55ef4d3e0400] Transfer state 0x1 len 0x3 needed 0x3 pos 0x0 addr 0x1052 tx 0xda
m25p80_transfer [0x55ef4d3e0400] Transfer state 0x1 len 0x3 needed 0x3 pos 0x0 addr 0x1053 tx 0xff
m25p80_transfer [0x55ef4d3e0400] Transfer state 0x1 len 0x3 needed 0x3 pos 0x0 addr 0x1054 tx 0x24
m25p80_transfer [0x55ef4d3e0400] Transfer state 0x1 len 0x3 needed 0x3 pos 0x0 addr 0x1055 tx 0x49
m25p80_transfer [0x55ef4d3e0400] Transfer state 0x1 len 0x3 needed 0x3 pos 0x0 addr 0x1056 tx 0x6e
m25p80_transfer [0x55ef4d3e0400] Transfer state 0x1 len 0x3 needed 0x3 pos 0x0 addr 0x1057 tx 0x93
m25p80_transfer [0x55ef4d3e0400] Transfer state 0x1 len 0x3 needed 0x3 pos 0x0 addr 0x1058 tx 0xb8
m25p80_transfer [0x55ef4d3e0400] Transfer state 0x1 len 0x3 needed 0x3 pos 0x0 addr 0x1059 tx 0xdd
m25p80_transfer [0x55ef4d3e0400] Transfer state 0x1 len 0x3 needed 0x3 pos 0x0 addr 0x105a tx 0x2
m25p80_transfer [0x55ef4d3e0400] Transfer state 0x1 len 0x3 needed 0x3 pos 0x0 addr 0x105b tx 0x27
m25p80_transfer [0x55ef4d3e0400] Transfer state 0x1 len 0x3 needed 0x3 pos 0x0 addr 0x105c tx 0x4c
m25p80_transfer [0x55ef4d3e0400] Transfer state 0x1 len 0x3 needed 0x3 pos 0x0 addr 0x105d tx 0x71
m25p80_transfer [0x55ef4d3e0400] Transfer state 0x1 len 0x3 needed 0x3 pos 0x0 addr 0x105e tx 0x96
m25p80_transfer [0x55ef4d3e0400] Transfer state 0x1 len 0x3 needed 0x3 pos 0x0 addr 0x105f tx 0xbb
m25p80_transfer [0x55ef4d3e0400] Transfer state 0x1 len 0x3 needed 0x3 pos 0x0 addr 0x1060 tx 0xe0
m25p80_transfer [0x55ef4d3e0400] Transfer state 0x1 len 0x3 needed 0x3 pos 0x0 addr 0x1061 tx 0x5
m25p80_transfer [0x55ef4d3e0400] Transfer state 0x1 len 0x3 needed 0x3 pos 0x0 addr 0x1062 tx 0x2a
m25p80_transfer [0x55ef4d3e0400] Transfer state 0x1 len 0x3 needed 0x3 pos 0x0 addr 0x1063 tx 0x4f
m25p80_transfer [0x55ef4d3e0400] Transfer state 0x1 len 0x3 needed 0x3 pos 0x0 addr 0x1064 tx 0x74
m25p80_transfer [0x55ef4d3e0400] Transfer state 0x1 len 0x3 needed 0x3 pos 0x0 addr 0x1065 tx 0x99
m25p80_transfer [0x55ef4d3e0400] Transfer state 0x1 len 0x3 needed 0x3 pos 0x0 addr 0x1066 tx 0xbe
m25p80_transfer [0x55ef4d3e0400] Transfer state 0x1 len 0x3 needed 0x3 pos 0x0 addr 0x1067 tx 0xe3
m25p80_transfer [0x55ef4d3e0400] Transfer state 0x1 len 0x3 needed 0x3 pos 0x0 addr 0x1068 tx 0x8
m25p80_transfer [0x55ef4d3e0400] Transfer state 0x1 len 0x3 needed 0x3 pos 0x0 addr 0x1069 tx 0x2d
m25p80_transfer [0x55ef4d3e0400] Transfer state 0x1 len 0x3 needed 0x3 pos 0x0 addr 0x106a tx 0x52
m25p80_transfer [0x55ef4d3e0400] Transfer state 0x1 len 0x3 needed 0x3 pos 0x0 addr 0x106b tx 0x77
m25p80_transfer [0x55ef4d3e0400] Transfer state 0x1 len 0x3 needed 0x3 pos 0x0 addr 0x106c tx 0x9c
m25p80_transfer [0x55ef4d3e0400] Transfer state 0x1 len 0x3 needed 0x3 pos 0x0 addr 0x106d tx 0xc1
m25p80_transfer [0x55ef4d3e0400] Transfer state 0x1 len 0x3 needed 0x3 pos 0x0 addr 0x106e tx 0xe6
m25p80_transfer [0x55ef4d3e0400] Transfer state 0x1 len 0x3 needed 0x3 pos 0x0 addr 0x106f tx 0xb
m25p80_transfer [0x55ef4d3e0400] Transfer state 0x1 len 0x3 needed 0x3 pos 0x0 addr 0x1070 tx 0x30
m25p80_transfer [0x55ef4d3e0400] Transfer state 0x1 len 0x3 needed 0x3 pos 0x0 addr 0x1071 tx 0x55
m25p80_transfer [0x55ef4d3e0400] Transfer state 0x1 len 0x3 needed 0x3 pos 0x0 addr 0x1072 tx 0x7a
m25p80_transfer [0x55ef4d3e0400] Transfer state 0x1 len 0x3 needed 0x3 pos 0x0 addr 0x1073 tx 0x9f
m25p80_transfer [0x55ef4d3e0400] Transfer state 0x1 len 0x3 needed 0x3 pos 0x0 addr 0x1074 tx 0xc4
m25p80_transfer [0x55ef4d3e0400] Transfer state 0x1 len 0x3 needed 0x3 pos 0x0 addr 0x1075 tx 0xe9
m25p80_transfer [0x55ef4d3e0400] Transfer state 0x1 len 0x3 needed 0x3 pos 0x0 addr 0x1076 tx 0xe
m25p80_transfer [0x55ef4d3e0400] Transfer state 0x1 len 0x3 needed 0x3 pos 0x0 addr 0x1077 tx 0x33
m25p80_transfer [0x55ef4d3e0400] Transfer state 0x1 len 0x3 needed 0x3 pos 0x0 addr 0x1078 tx 0x58
m25p80_transfer [0x55ef4d3e0400] Transfer state 0x1 len 0x3 needed 0x3 pos 0x0 addr 0x1079 tx 0x7d
m25p80_transfer [0x55ef4d3e0400] Transfer state 0x1 len 0x3 needed 0x3 pos 0x0 addr 0x107a tx 0xa2
m25p80_transfer [0x55ef4d3e0400] Transfer state 0x1 len 0x3 needed 0x3 pos 0x0 addr 0x107b tx 0xc7
m25p80_transfer [0x55ef4d3e0400] Transfer state 0x1 len 0x3 needed 0x3 pos 0x0 addr 0x107c tx 0xec
m25p80_transfer [0x55ef4d3e0400] Transfer state 0x1 len 0x3 needed 0x3 pos 0x0 addr 0x107d tx 0x11
m25p80_transfer [0x55ef4d3e0400] Transfer state 0x1 len 0x3 needed 0x3 pos 0x0 addr 0x107e tx 0x36
m25p80_transfer [0x55ef4d3e0400] Transfer state 0x1 len 0x3 needed 0x3 pos 0x0 addr 0x107f tx 0x5b
m25p80_transfer [0x55ef4d3e0400] Transfer state 0x1 len 0x3 needed 0x3 pos 0x0 addr 0x1080 tx 0x80
m25p80_transfer [0x55ef4d3e0400] Transfer state 0x1 len 0x3 needed 0x3 pos 0x0 addr 0x1081 tx 0xa5
m25p80_transfer [0x55ef4d3e0400] Transfer state 0x1 len 0x3 needed 0x3 pos 0x0 addr 0x1082 tx 0xca
m25p80_transfer [0x55ef4d3e0400] Transfer state 0x1 len 0x3 needed 0x3 pos 0x0 addr 0x1083 tx 0xef
m25p80_transfer [0x55ef4d3e0400] Transfer state 0x1 len 0x3 needed 0x3 pos 0x0 addr 0x1084 tx 0x14
m25p80_transfer [0x55ef4d3e0400] Transfer state 0x1 len 0x3 needed 0x3 pos 0x0 addr 0x1085 tx 0x39
m25p80_transfer [0x55ef4d3e0400] Transfer state 0x1 len 0x3 needed 0x3 pos 0x0 addr 0x1086 tx 0x5e
m25p80_transfer [0x55ef4d3e0400] Transfer state 0x1 len 0x3 needed 0x3 pos 0x0 addr 0x1087 tx 0x83
m25p80_transfer [0x55ef4d3e0400] Transfer state 0x1 len 0x3 needed 0x3 pos 0x0 addr 0x1088 tx 0xa8
m25p80_transfer [0x55ef4d3e0400] Transfer state 0x1 len 0x3 needed 0x3 pos 0x0 addr 0x1089 tx 0xcd
m25p80_transfer [0x55ef4d3e0400] Transfer state 0x1 len 0x3 needed 0x3 pos 0x0 addr 0x108a tx 0xf2
m25p80_transfer [0x55ef4d3e0400] Transfer state 0x1 len 0x3 needed 0x3 pos 0x0 addr 0x108b tx 0x17
m25p80_transfer [0x55ef4d3e0400] Transfer state 0x1 len 0x3 needed 0x3 pos 0x0 addr 0x108c tx 0x3c
m25p80_transfer [0x55ef4d3e0400] Transfer state 0x1 len 0x3 needed 0x3 pos 0x0 addr 0x108d tx 0x61
m25p80_transfer [0x55ef4d3e0400] Transfer state 0x1 len 0x3 needed 0x3 pos 0x0 addr 0x108e tx 0x86
m25p80_transfer [0x55ef4d3e0400] Transfer state 0x1 len 0x3 needed 0x3 pos 0x0 addr 0x108f tx 0xab
m25p80_transfer [0x55ef4d3e0400] Transfer state 0x1 len 0x3 needed 0x3 pos 0x0 addr 0x1090 tx 0xd0
m25p80_transfer [0x55ef4d3e0400] Transfer state 0x1 len 0x3 needed 0x3 pos 0x0 addr 0x1091 tx 0xf5
m25p80_transfer [0x55ef4d3e0400] Transfer state 0x1 len 0x3 needed 0x3 pos 0x0 addr 0x1092 tx 0x1a
m25p80_transfer [0x55ef4d3e0400] Transfer state 0x1 len 0x3 needed 0x3 pos 0x0 addr 0x1093 tx 0x3f
m25p80_transfer [0x55ef4d3e0400] Transfer state 0x1 len 0x3 needed 0x3 pos 0x0 addr 0x1094 tx 0x64
m25p80_transfer [0x55ef4d3e0400] Transfer state 0x1 len 0x3 needed 0x3 pos 0x0 addr 0x1095 tx 0x89
m25p80_transfer [0x55ef4d3e0400] Transfer state 0x1 len 0x3 needed 0x3 pos 0x0 addr 0x1096 tx 0xae
m25p80_transfer [0x55ef4d3e0400] Transfer state 0x1 len 0x3 needed 0x3 pos 0x0 addr 0x1097 tx 0xd3
m25p80_transfer [0x55ef4d3e0400] Transfer state 0x1 len 0x3 needed 0x3 pos 0x0 addr 0x1098 tx 0xf8
m25p80_transfer [0x55ef4d3e0400] Transfer state 0x1 len 0x3 needed 0x3 pos 0x0 addr 0x1099 tx 0x1d
m25p80_transfer [0x55ef4d3e0400] Transfer state 0x1 len 0x3 needed 0x3 pos 0x0 addr 0x109a tx 0x42
m25p80_transfer [0x55ef4d3e0400] Transfer state 0x1 len 0x3 needed 0x3 pos 0x0 addr 0x109b tx 0x67
m25p80_transfer [0x55ef4d3e0400] Transfer state 0x1 len 0x3 needed 0x3 pos 0x0 addr 0x109c tx 0x8c
m25p80_transfer [0x55ef4d3e0400] Transfer state 0x1 len 0x3 needed 0x3 pos 0x0 addr 0x109d tx 0xb1
m25p80_transfer [0x55ef4d3e0400] Transfer state 0x1 len 0x3 needed 0x3 pos 0x0 addr 0x109e tx 0xd6
m25p80_transfer [0x55ef4d3e0400] Transfer state 0x1 len 0x3 needed 0x3 pos 0x0 addr 0x109f tx 0xfb
m25p80_transfer [0x55ef4d3e0400] Transfer state 0x1 len 0x3 needed 0x3 pos 0x0 addr 0x10a0 tx 0x20
m25p80_transfer [0x55ef4d3e0400] Transfer state 0x1 len 0x3 needed 0x3 pos 0x0 addr 0x10a1 tx 0x45
m25p80_transfer [0x55ef4d3e0400] Transfer state 0x1 len 0x3 needed 0x3 pos 0x0 addr 0x10a2 tx 0x6a
m25p80_transfer [0x55ef4d3e0400] Transfer state 0x1 len 0x3 needed 0x3 pos 0x0 addr 0x10a3 tx 0x8f
m25p80_transfer [0x55ef4d3e0400] Transfer state 0x1 len 0x3 needed 0x3 pos 0x0 addr 0x10a4 tx 0xb4
m25p80_transfer [0x55ef4d3e0400] Transfer state 0x1 len 0x3 needed 0x3 pos 0x0 addr 0x10a5 tx 0xd9
m25p80_transfer [0x55ef4d3e0400] Transfer state 0x1 len 0x3 needed 0x3 pos 0x0 addr 0x10a6 tx 0xfe
m25p80_transfer [0x55ef4d3e0400] Transfer state 0x1 len 0x3 needed 0x3 pos 0x0 addr 0x10a7 tx 0x23
m25p80_transfer [0x55ef4d3e0400] Transfer state 0x1 len 0x3 needed 0x3 pos 0x0 addr 0x10a8 tx 0x48
m25p80_transfer [0x55ef4d3e0400] Transfer state 0x1 len 0x3 needed 0x3 pos 0x0 addr 0x10a9 tx 0x6d
m25p80_transfer [0x55ef4d3e0400] Transfer state 0x1 len 0x3 needed 0x3 pos 0x0 addr 0x10aa tx 0x92
m25p80_transfer [0x55ef4d3e0400] Transfer state 0x1 len 0x3 needed 0x3 pos 0x0 addr 0x10ab tx 0xb7
m25p80_transfer [0x55ef4d3e0400] Transfer state 0x1 len 0x3 needed 0x3 pos 0x0 addr 0x10ac tx 0xdc
m25p80_transfer [0x55ef4d3e0400] Transfer state 0x1 len 0x3 needed 0x3 pos 0x0 addr 0x10ad tx 0x1
m25p80_transfer [0x55ef4d3e0400] Transfer state 0x1 len 0x3 needed 0x3 pos 0x0 addr 0x10ae tx 0x26
m25p80_transfer [0x55ef4d3e0400] Transfer state 0x1 len 0x3 needed 0x3 pos 0x0 addr 0x10af tx 0x4b
m25p80_transfer [0x55ef4d3e0400] Transfer state 0x1 len 0x3 needed 0x3 pos 0x0 addr 0x10b0 tx 0x70
m25p80_transfer [0x55ef4d3e0400] Transfer state 0x1 len 0x3 needed 0x3 pos 0x0 addr 0x10b1 tx 0x95
m25p80_transfer [0x55ef4d3e0400] Transfer state 0x1 len 0x3 needed 0x3 pos 0x0 addr 0x10b2 tx 0xba
m25p80_transfer [0x55ef4d3e0400] Transfer state 0x1 len 0x3 needed 0x3 pos 0x0 addr 0x10b3 tx 0xdf
m25p80_transfer [0x55ef4d3e0400] Transfer state 0x1 len 0x3 needed 0x3 pos 0x0 addr 0x10b4 tx 0x4
m25p80_transfer [0x55ef4d3e0400] Transfer state 0x1 len 0x3 needed 0x3 pos 0x0 addr 0x10b5 tx 0x29
m25p80_transfer [0x55ef4d3e0400] Transfer state 0x1 len 0x3 needed 0x3 pos 0x0 addr 0x10b6 tx 0x4e
m25p80_transfer [0x55ef4d3e0400] Transfer state 0x1 len 0x3 needed 0x3 pos 0x0 addr 0x10b7 tx 0x73
m25p80_transfer [0x55ef4d3e0400] Transfer state 0x1 len 0x3 needed 0x3 pos 0x0 addr 0x10b8 tx 0x98
m25p80_transfer [0x55ef4d3e0400] Transfer state 0x1 len 0x3 needed 0x3 pos 0x0 addr 0x10b9 tx 0xbd
m25p80_transfer [0x55ef4d3e0400] Transfer state 0x1 len 0x3 needed 0x3 pos 0x0 addr 0x10ba tx 0xe2
m25p80_transfer [0x55ef4d3e0400] Transfer state 0x1 len 0x3 needed 0x3 pos 0x0 addr 0x10bb tx 0x7
m25p80_transfer [0x55ef4d3e0400] Transfer state 0x1 len 0x3 needed 0x3 pos 0x0 addr 0x10bc tx 0x2c
m25p80_transfer [0x55ef4d3e0400] Transfer state 0x1 len 0x3 needed 0x3 pos 0x0 addr 0x10bd tx 0x51
m25p80_transfer [0x55ef4d3e0400] Transfer state 0x1 len 0x3 needed 0x3 pos 0x0 addr 0x10be tx 0x76
m25p80_transfer [0x55ef4d3e0400] Transfer state 0x1 len 0x3 needed 0x3 pos 0x0 addr 0x10bf tx 0x9b
m25p80_transfer [0x55ef4d3e0400] Transfer state 0x1 len 0x3 needed 0x3 pos 0x0 addr 0x10c0 tx 0xc0
m25p80_transfer [0x55ef4d3e0400] Transfer state 0x1 len 0x3 needed 0x3 pos 0x0 addr 0x10c1 tx 0xe5
m25p80_transfer [0x55ef4d3e0400] Transfer state 0x1 len 0x3 needed 0x3 pos 0x0 addr 0x10c2 tx 0xa
m25p80_transfer [0x55ef4d3e0400] Transfer state 0x1 len 0x3 needed 0x3 pos 0x0 addr 0x10c3 tx 0x2f
m25p80_transfer [0x55ef4d3e0400] Transfer state 0x1 len 0x3 needed 0x3 pos 0x0 addr 0x10c4 tx 0x54
m25p80_transfer [0x55ef4d3e0400] Transfer state 0x1 len 0x3 needed 0x3 pos 0x0 addr 0x10c5 tx 0x79
m25p80_transfer [0x55ef4d3e0400] Transfer state 0x1 len 0x3 needed 0x3 pos 0x0 addr 0x10c6 tx 0x9e
m25p80_transfer [0x55ef4d3e0400] Transfer state 0x1 len 0x3 needed 0x3 pos 0x0 addr 0x10c7 tx 0xc3
m25p80_transfer [0x55ef4d3e0400] Transfer state 0x1 len 0x3 needed 0x3 pos 0x0 addr 0x10c8 tx 0xe8
m25p80_transfer [0x55ef4d3e0400] Transfer state 0x1 len 0x3 needed 0x3 pos 0x0 addr 0x10c9 tx 0xd
m25p80_transfer [0x55ef4d3e0400] Transfer state 0x1 len 0x3 needed 0x3 pos 0x0 addr 0x10ca tx 0x32
m25p80_transfer [0x55ef4d3e0400] Transfer state 0x1 len 0x3 needed 0x3 pos 0x0 addr 0x10cb tx 0x57
m25p80_transfer [0x55ef4d3e0400] Transfer state 0x1 len 0x3 needed 0x3 pos 0x0 addr 0x10cc tx 0x7c
m25p80_transfer [0x55ef4d3e0400] Transfer state 0x1 len 0x3 needed 0x3 pos 0x0 addr 0x10cd tx 0xa1
m25p80_transfer [0x55ef4d3e0400] Transfer state 0x1 len 0x3 needed 0x3 pos 0x0 addr 0x10ce tx 0xc6
m25p80_transfer [0x55ef4d3e0400] Transfer state 0x1 len 0x3 needed 0x3 pos 0x0 addr 0x10cf tx 0xeb
m25p80_transfer [0x55ef4d3e0400] Transfer state 0x1 len 0x3 needed 0x3 pos 0x0 addr 0x10d0 tx 0x10
m25p80_transfer [0x55ef4d3e0400] Transfer state 0x1 len 0x3 needed 0x3 pos 0x0 addr 0x10d1 tx 0x35
m25p80_transfer [0x55ef4d3e0400] Transfer state 0x1 len 0x3 needed 0x3 pos 0x0 addr 0x10d2 tx 0x5a
m25p80_transfer [0x55ef4d3e0400] Transfer state 0x1 len 0x3 needed 0x3 pos 0x0 addr 0x10d3 tx 0x7f
m25p80_transfer [0x55ef4d3e0400] Transfer state 0x1 len 0x3 needed 0x3 pos 0x0 addr 0x10d4 tx 0xa4
m25p80_transfer [0x55ef4d3e0400] Transfer state 0x1 len 0x3 needed 0x3 pos 0x0 addr 0x10d5 tx 0xc9
m25p80_transfer [0x55ef4d3e0400] Transfer state 0x1 len 0x3 needed 0x3 pos 0x0 addr 0x10d6 tx 0xee
m25p80_transfer [0x55ef4d3e0400] Transfer state 0x1 len 0x3 needed 0x3 pos 0x0 addr 0x10d7 tx 0x13
m25p80_transfer [0x55ef4d3e0400] Transfer state 0x1 len 0x3 needed 0x3 pos 0x0 addr 0x10d8 tx 0x38
m25p80_transfer [0x55ef4d3e0400] Transfer state 0x1 len 0x3 needed 0x3 pos 0x0 addr 0x10d9 tx 0x5d
m25p80_transfer [0x55ef4d3e0400] Transfer state 0x1 len 0x3 needed 0x3 pos 0x0 addr 0x10da tx 0x82
m25p80_transfer [0x55ef4d3e0400] Transfer state 0x1 len 0x3 needed 0x3 pos 0x0 addr 0x10db tx 0xa7
m25p80_transfer [0x55ef4d3e0400] Transfer state 0x1 len 0x3 needed 0x3 pos 0x0 addr 0x10dc tx 0xcc
m25p80_transfer [0x55ef4d3e0400] Transfer state 0x1 len 0x3 needed 0x3 pos 0x0 addr 0x10dd tx 0xf1
m25p80_transfer [0x55ef4d3e0400] Transfer state 0x1 len 0x3 needed 0x3 pos 0x0 addr 0x10de tx 0x16
m25p80_transfer [0x55ef4d3e0400] Transfer state 0x1 len 0x3 needed 0x3 pos 0x0 addr 0x10df tx 0x3b
m25p80_transfer [0x55ef4d3e0400] Transfer state 0x1 len 0x3 needed 0x3 pos 0x0 addr 0x10e0 tx 0x60
m25p80_transfer [0x55ef4d3e0400] Transfer state 0x1 len 0x3 needed 0x3 pos 0x0 addr 0x10e1 tx 0x85
m25p80_transfer [0x55ef4d3e0400] Transfer state 0x1 len 0x3 needed 0x3 pos 0x0 addr 0x10e2 tx 0xaa
m25p80_transfer [0x55ef4d3e0400] Transfer state 0x1 len 0x3 needed 0x3 pos 0x0 addr 0x10e3 tx 0xcf
m25p80_transfer [0x55ef4d3e0400] Transfer state 0x1 len 0x3 needed 0x3 pos 0x0 addr 0x10e4 tx 0xf4
m25p80_transfer [0x55ef4d3e0400] Transfer state 0x1 len 0x3 needed 0x3 pos 0x0 addr 0x10e5 tx 0x19
m25p80_transfer [0x55ef4d3e0400] Transfer state 0x1 len 0x3 needed 0x3 pos 0x0 addr 0x10e6 tx 0x3e
m25p80_transfer [0x55ef4d3e0400] Transfer state 0x1 len 0x3 needed 0x3 pos 0x0 addr 0x10e7 tx 0x63
m25p80_transfer [0x55ef4d3e0400] Transfer state 0x1 len 0x3 needed 0x3 pos 0x0 addr 0x10e8 tx 0x88
m25p80_transfer [0x55ef4d3e0400] Transfer state 0x1 len 0x3 needed 0x3 pos 0x0 addr 0x10e9 tx 0xad
m25p80_transfer [0x55ef4d3e0400] Transfer state 0x1 len 0x3 needed 0x3 pos 0x0 addr 0x10ea tx 0xd2
m25p80_transfer [0x55ef4d3e0400] Transfer state 0x1 len 0x3 needed 0x3 pos 0x0 addr 0x10eb tx 0xf7
m25p80_transfer [0x55ef4d3e0400] Transfer state 0x1 len 0x3 needed 0x3 pos 0x0 addr 0x10ec tx 0x1c
m25p80_transfer [0x55ef4d3e0400] Transfer state 0x1 len 0x3 needed 0x3 pos 0x0 addr 0x10ed tx 0x41
m25p80_transfer [0x55ef4d3e0400] Transfer state 0x1 len 0x3 needed 0x3 pos 0x0 addr 0x10ee tx 0x66
m25p80_transfer [0x55ef4d3e0400] Transfer state 0x1 len 0x3 needed 0x3 pos 0x0 addr 0x10ef tx 0x8b
m25p80_transfer [0x55ef4d3e0400] Transfer state 0x1 len 0x3 needed 0x3 pos 0x0 addr 0x10f0 tx 0xb0
m25p80_transfer [0x55ef4d3e0400] Transfer state 0x1 len 0x3 needed 0x3 pos 0x0 addr 0x10f1 tx 0xd5
m25p80_transfer [0x55ef4d3e0400] Transfer state 0x1 len 0x3 needed 0x3 pos 0x0 addr 0x10f2 tx 0xfa
m25p80_transfer [0x55ef4d3e0400] Transfer state 0x1 len 0x3 needed 0x3 pos 0x0 addr 0x10f3 tx 0x1f
m25p80_transfer [0x55ef4d3e0400] Transfer state 0x1 len 0x3 needed 0x3 pos 0x0 addr 0x10f4 tx 0x44
m25p80_transfer [0x55ef4d3e0400] Transfer state 0x1 len 0x3 needed 0x3 pos 0x0 addr 0x10f5 tx 0x69
m25p80_transfer [0x55ef4d3e0400] Transfer state 0x1 len 0x3 needed 0x3 pos 0x0 addr 0x10f6 tx 0x8e
m25p80_transfer [0x55ef4d3e0400] Transfer state 0x1 len 0x3 needed 0x3 pos 0x0 addr 0x10f7 tx 0xb3
m25p80_transfer [0x55ef4d3e0400] Transfer state 0x1 len 0x3 needed 0x3 pos 0x0 addr 0x10f8 tx 0xd8
m25p80_transfer [0x55ef4d3e0400] Transfer state 0x1 len 0x3 needed 0x3 pos 0x0 addr 0x10f9 tx 0xfd
m25p80_transfer [0x55ef4d3e0400] Transfer state 0x1 len 0x3 needed 0x3 pos 0x0 addr 0x10fa tx 0x22
m25p80_transfer [0x55ef4d3e0400] Transfer state 0x1 len 0x3 needed 0x3 pos 0x0 addr 0x10fb tx 0x47
m25p80_transfer [0x55ef4d3e0400] Transfer state 0x1 len 0x3 needed 0x3 pos 0x0 addr 0x10fc tx 0x6c
m25p80_transfer [0x55ef4d3e0400] Transfer state 0x1 len 0x3 needed 0x3 pos 0x0 addr 0x10fd tx 0x91
m25p80_transfer [0x55ef4d3e0400] Transfer state 0x1 len 0x3 needed 0x3 pos 0x0 addr 0x10fe tx 0xb6
m25p80_transfer [0x55ef4d3e0400] Transfer state 0x1 len 0x3 needed 0x3 pos 0x0 addr 0x10ff tx 0xdb
m25p80_select [0x55ef4d3e0400] deselect
m25p80_select [0x55ef4d3e0400] select
m25p80_transfer [0x55ef4d3e0400] Transfer state 0x0 len 0x0 needed 0x3 pos 0x0 addr 0x1100 tx 0x5
m25p80_transfer [0x55ef4d3e0400] Transfer state 0x5 len 0x1 needed 0x3 pos 0x0 addr 0x1100 tx 0xff
m25p80_select [0x55ef4d3e0400] deselect
