m25p80_select [0x5556b628d400] deselect
m25p80_select [0x5556b691f6e0] deselect
m25p80_select [0x5556b691f6e0] select
m25p80_transfer [0x5556b691f6e0] Transfer state 0x0 len 0x0 needed 0x0 pos 0x0 addr 0x0 tx 0x9f
m25p80_transfer [0x5556b691f6e0] Transfer state 0x5 len 0x6 needed 0x0 pos 0x0 addr 0x0 tx 0xff
m25p80_transfer [0x5556b691f6e0] Transfer state 0x5 len 0x6 needed 0x0 pos 0x1 addr 0x0 tx 0xff
m25p80_transfer [0x5556b691f6e0] Transfer state 0x5 len 0x6 needed 0x0 pos 0x2 addr 0x0 tx 0xff
m25p80_select [0x5556b691f6e0] deselect
m25p80_select [0x5556b691f6e0] select
m25p80_transfer [0x5556b691f6e0] Transfer state 0x0 len 0x0 needed 0x0 pos 0x0 addr 0x0 tx 0x6
m25p80_select [0x5556b691f6e0] deselect
m25p80_select [0x5556b691f6e0] select
m25p80_transfer [0x5556b691f6e0] Transfer state 0x0 len 0x0 needed 0x0 pos 0x0 addr 0x0 tx 0x5
m25p80_transfer [0x5556b691f6e0] Transfer state 0x5 len 0x1 needed 0x0 pos 0x0 addr 0x0 tx 0xff
m25p80_select [0x5556b691f6e0] deselect
m25p80_select [0x5556b691f6e0] select
m25p80_transfer [0x5556b691f6e0] Transfer state 0x0 len 0x0 needed 0x0 pos 0x0 addr 0x0 tx 0x2
m25p80_transfer [0x5556b691f6e0] Transfer state 0x3 len 0x0 needed 0x3 pos 0x0 addr 0x0 tx 0x0
m25p80_transfer [0x5556b691f6e0] Transfer state 0x3 len 0x1 needed 0x3 pos 0x0 addr 0x0 tx 0x10
m25p80_transfer [0x5556b691f6e0] Transfer state 0x3 len 0x2 needed 0x3 pos 0x0 addr 0x0 tx 0x0
m25p80_transfer [0x5556b691f6e0] Transfer state 0x1 len 0x3 needed 0x3 pos 0x0 addr 0x1000 tx 0x0
m25p80_transfer [0x5556b691f6e0] Transfer state 0x1 len 0x3 needed 0x3 pos 0x0 addr 0x1001 tx 0x25
m25p80_transfer [0x5556b691f6e0] Transfer state 0x1 len 0x3 needed 0x3 pos 0x0 addr 0x1002 tx 0x4a
m25p80_transfer [0x5556b691f6e0] Transfer state 0x1 len 0x3 needed 0x3 pos 0x0 addr 0x1003 tx 0x6f
m25p80_transfer [0x5556b691f6e0] Transfer state 0x1 len 0x3 needed 0x3 pos 0x0 addr 0x1004 tx 0x94
m25p80_transfer [0x5556b691f6e0] Transfer state 0x1 len 0x3 needed 0x3 pos 0x0 addr 0x1005 tx 0xb9
m25p80_transfer [0x5556b691f6e0] Transfer state 0x1 len 0x3 needed 0x3 pos 0x0 addr 0x1006 tx 0xde
m25p80_transfer [0x5556b691f6e0] Transfer state 0x1 len 0x3 needed 0x3 pos 0x0 addr 0x1007 tx 0x3
m25p80_transfer [0x5556b691f6e0] Transfer state 0x1 len 0x3 needed 0x3 pos 0x0 addr 0x1008 tx 0x28
m25p80_transfer [0x5556b691f6e0] Transfer state 0x1 len 0x3 needed 0x3 pos 0x0 addr 0x1009 tx 0x4d
m25p80_transfer [0x5556b691f6e0] Transfer state 0x1 len 0x3 needed 0x3 pos 0x0 addr 0x100a tx 0x72
m25p80_transfer [0x5556b691f6e0] Transfer state 0x1 len 0x3 needed 0x3 pos 0x0 addr 0x100b tx 0x97
m25p80_transfer [0x5556b691f6e0] Transfer state 0x1 len 0x3 needed 0x3 pos 0x0 addr 0x100c tx 0xbc
m25p80_transfer [0x5556b691f6e0] Transfer state 0x1 len 0x3 needed 0x3 pos 0x0 addr 0x100d tx 0xe1
m25p80_transfer [0x5556b691f6e0] Transfer state 0x1 len 0x3 needed 0x3 pos 0x0 addr 0x100e tx 0x6
m25p80_transfer [0x5556b691f6e0] Transfer state 0x1 len 0x3 needed 0x3 pos 0x0 addr 0x100f tx 0x2b
m25p80_transfer [0x5556b691f6e0] Transfer state 0x1 len 0x3 needed 0x3 pos 0x0 addr 0x1010 tx 0x50
m25p80_transfer [0x5556b691f6e0] Transfer state 0x1 len 0x3 needed 0x3 pos 0x0 addr 0x1011 tx 0x75
m25p80_transfer [0x5556b691f6e0] Transfer state 0x1 len 0x3 needed 0x3 pos 0x0 addr 0x1012 tx 0x9a
m25p80_transfer [0x5556b691f6e0] Transfer state 0x1 len 0x3 needed 0x3 pos 0x0 addr 0x1013 tx 0xbf
m25p80_transfer [0x5556b691f6e0] Transfer state 0x1 len 0x3 needed 0x3 pos 0x0 addr 0x1014 tx 0xe4
m25p80_transfer [0x5556b691f6e0] Transfer state 0x1 len 0x3 needed 0x3 pos 0x0 addr 0x1015 tx 0x9
m25p80_transfer [0x5556b691f6e0] Transfer state 0x1 len 0x3 needed 0x3 pos 0x0 addr 0x1016 tx 0x2e
m25p80_transfer [0x5556b691f6e0] Transfer state 0x1 len 0x3 needed 0x3 pos 0x0 addr 0x1017 tx 0x53
m25p80_transfer [0x5556b691f6e0] Transfer state 0x1 len 0x3 needed 0x3 pos 0x0 addr 0x1018 tx 0x78
m25p80_transfer [0x5556b691f6e0] Transfer state 0x1 len 0x3 needed 0x3 pos 0x0 addr 0x1019 tx 0x9d
m25p80_transfer [0x5556b691f6e0] Transfer state 0x1 len 0x3 needed 0x3 pos 0x0 addr 0x101a tx 0xc2
m25p80_transfer [0x5556b691f6e0] Transfer state 0x1 len 0x3 needed 0x3 pos 0x0 addr 0x101b tx 0xe7
m25p80_transfer [0x5556b691f6e0] Transfer state 0x1 len 0x3 needed 0x3 pos 0x0 addr 0x101c tx 0xc
m25p80_transfer [0x5556b691f6e0] Transfer state 0x1 len 0x3 needed 0x3 pos 0x0 addr 0x101d tx 0x31
m25p80_transfer [0x5556b691f6e0] Transfer state 0x1 len 0x3 needed 0x3 pos 0x0 addr 0x101e tx 0x56
m25p80_transfer [0x5556b691f6e0] Transfer state 0x1 len 0x3 needed 0x3 pos 0x0 addr 0x101f tx 0x7b
m25p80_transfer [0x5556b691f6e0] Transfer state 0x1 len 0x3 needed 0x3 pos 0x0 addr 0x1020 tx 0xa0
m25p80_select [0x5556b691f6e0] deselect
m25p80_select [0x5556b691f6e0] select
m25p80_transfer [0x5556b691f6e0] Transfer state 0x0 len 0x0 needed 0x3 pos 0x0 addr 0x1021 tx 0x5
m25p80_transfer [0x5556b691f6e0] Transfer state 0x5 len 0x1 needed 0x3 pos 0x0 addr 0x1021 tx 0xff
m25p80_select [0x5556b691f6e0] deselect
m25p80_select [0x5556b691f6e0] select
m25p80_transfer [0x5556b691f6e0] Transfer state 0x0 len 0x0 needed 0x3 pos 0x0 addr 0x1021 tx 0x3
m25p80_transfer [0x5556b691f6e0] Transfer state 0x3 len 0x0 needed 0x3 pos 0x0 addr 0x1021 tx 0x0
m25p80_transfer [0x5556b691f6e0] Transfer state 0x3 len 0x1 needed 0x3 pos 0x0 addr 0x1021 tx 0x10
m25p80_transfer [0x5556b691f6e0] Transfer state 0x3 len 0x2 needed 0x3 pos 0x0 addr 0x1021 tx 0x0
m25p80_transfer [0x5556b691f6e0] Transfer state 0x2 len 0x3 needed 0x3 pos 0x0 addr 0x1000 tx 0xff
m25p80_transfer [0x5556b691f6e0] Transfer state 0x2 len 0x3 needed 0x3 pos 0x0 addr 0x1001 tx 0xff
m25p80_transfer [0x5556b691f6e0] Transfer state 0x2 len 0x3 needed 0x3 pos 0x0 addr 0x1002 tx 0xff
m25p80_transfer [0x5556b691f6e0] Transfer state 0x2 len 0x3 needed 0x3 pos 0x0 addr 0x1003 tx 0xff
m25p80_transfer [0x5556b691f6e0] Transfer state 0x2 len 0x3 needed 0x3 pos 0x0 addr 0x1004 tx 0xff
m25p80_transfer [0x5556b691f6e0] Transfer state 0x2 len 0x3 needed 0x3 pos 0x0 addr 0x1005 tx 0xff
m25p80_transfer [0x5556b691f6e0] Transfer state 0x2 len 0x3 needed 0x3 pos 0x0 addr 0x1006 tx 0xff
m25p80_transfer [0x5556b691f6e0] Transfer state 0x2 len 0x3 needed 0x3 pos 0x0 addr 0x1007 tx 0xff
m25p80_transfer [0x5556b691f6e0] Transfer state 0x2 len 0x3 needed 0x3 pos 0x0 addr 0x1008 tx 0xff
m25p80_transfer [0x5556b691f6e0] Transfer state 0x2 len 0x3 needed 0x3 pos 0x0 addr 0x1009 tx 0xff
m25p80_transfer [0x5556b691f6e0] Transfer state 0x2 len 0x3 needed 0x3 pos 0x0 addr 0x100a tx 0xff
m25p80_transfer [0x5556b691f6e0] Transfer state 0x2 len 0x3 needed 0x3 pos 0x0 addr 0x100b tx 0xff
m25p80_transfer [0x5556b691f6e0] Transfer state 0x2 len 0x3 needed 0x3 pos 0x0 addr 0x100c tx 0xff
m25p80_transfer [0x5556b691f6e0] Transfer state 0x2 len 0x3 needed 0x3 pos 0x0 addr 0x100d tx 0xff
m25p80_transfer [0x5556b691f6e0] Transfer state 0x2 len 0x3 needed 0x3 pos 0x0 addr 0x100e tx 0xff
m25p80_transfer [0x5556b691f6e0] Transfer state 0x2 len 0x3 needed 0x3 pos 0x0 addr 0x100f tx 0xff
m25p80_transfer [0x5556b691f6e0] Transfer state 0x2 len 0x3 needed 0x3 pos 0x0 addr 0x1010 tx 0xff
m25p80_transfer [0x5556b691f6e0] Transfer state 0x2 len 0x3 needed 0x3 pos 0x0 addr 0x1011 tx 0xff
m25p80_transfer [0x5556b691f6e0] Transfer state 0x2 len 0x3 needed 0x3 pos 0x0 addr 0x1012 tx 0xff
m25p80_transfer [0x5556b691f6e0] Transfer state 0x2 len 0x3 needed 0x3 pos 0x0 addr 0x1013 tx 0xff
m25p80_transfer [0x5556b691f6e0] Transfer state 0x2 len 0x3 needed 0x3 pos 0x0 addr 0x1014 tx 0xff
m25p80_transfer [0x5556b691f6e0] Transfer state 0x2 len 0x3 needed 0x3 pos 0x0 addr 0x1015 tx 0xff
m25p80_transfer [0x5556b691f6e0] Transfer state 0x2 len 0x3 needed 0x3 pos 0x0 addr 0x1016 tx 0xff
m25p80_transfer [0x5556b691f6e0] Transfer state 0x2 len 0x3 needed 0x3 pos 0x0 addr 0x1017 tx 0xff
m25p80_transfer [0x5556b691f6e0] Transfer state 0x2 len 0x3 needed 0x3 pos 0x0 addr 0x1018 tx 0xff
m25p80_transfer [0x5556b691f6e0] Transfer state 0x2 len 0x3 needed 0x3 pos 0x0 addr 0x1019 tx 0xff
m25p80_transfer [0x5556b691f6e0] Transfer state 0x2 len 0x3 needed 0x3 pos 0x0 addr 0x101a tx 0xff
m25p80_transfer [0x5556b691f6e0] Transfer state 0x2 len 0x3 needed 0x3 pos 0x0 addr 0x101b tx 0xff
m25p80_transfer [0x5556b691f6e0] Transfer state 0x2 len 0x3 needed 0x3 pos 0x0 addr 0x101c tx 0xff
m25p80_transfer [0x5556b691f6e0] Transfer state 0x2 len 0x3 needed 0x3 pos 0x0 addr 0x101d tx 0xff
m25p80_transfer [0x5556b691f6e0] Transfer state 0x2 len 0x3 needed 0x3 pos 0x0 addr 0x101e tx 0xff
m25p80_transfer [0x5556b691f6e0] Transfer state 0x2 len 0x3 needed 0x3 pos 0x0 addr 0x101f tx 0xff
m25p80_transfer [0x5556b691f6e0] Transfer state 0x2 len 0x3 needed 0x3 pos 0x0 addr 0x1020 tx 0xff
m25p80_select [0x5556b691f6e0] deselect
m25p80_select [0x5556b691f6e0] select
m25p80_transfer [0x5556b691f6e0] Transfer state 0x0 len 0x0 needed 0x3 pos 0x0 addr 0x1021 tx 0x6
m25p80_select [0x5556b691f6e0] deselect
m25p80_select [0x5556b691f6e0] select
m25p80_transfer [0x5556b691f6e0] Transfer state 0x0 len 0x0 needed 0x3 pos 0x0 addr 0x1021 tx 0x5
m25p80_transfer [0x5556b691f6e0] Transfer state 0x5 len 0x1 needed 0x3 pos 0x0 addr 0x1021 tx 0xff
m25p80_select [0x5556b691f6e0] deselect
m25p80_select [0x5556b691f6e0] select
m25p80_transfer [0x5556b691f6e0] Transfer state 0x0 len 0x0 needed 0x3 pos 0x0 addr 0x1021 tx 0x2
m25p80_transfer [0x5556b691f6e0] Transfer state 0x3 len 0x0 needed 0x3 pos 0x0 addr 0x1021 tx 0x0
m25p80_transfer [0x5556b691f6e0] Transfer state 0x3 len 0x1 needed 0x3 pos 0x0 addr 0x1021 tx 0x11
m25p80_transfer [0x5556b691f6e0] Transfer state 0x3 len 0x2 needed 0x3 pos 0x0 addr 0x1021 tx 0x0
m25p80_transfer [0x5556b691f6e0] Transfer state 0x1 len 0x3 needed 0x3 pos 0x0 addr 0x1100 tx 0x11
m25p80_transfer [0x5556b691f6e0] Transfer state 0x1 len 0x3 needed 0x3 pos 0x0 addr 0x1101 tx 0x36
m25p80_transfer [0x5556b691f6e0] Transfer state 0x1 len 0x3 needed 0x3 pos 0x0 addr 0x1102 tx 0x5b
m25p80_transfer [0x5556b691f6e0] Transfer state 0x1 len 0x3 needed 0x3 pos 0x0 addr 0x1103 tx 0x80
m25p80_transfer [0x5556b691f6e0] Transfer state 0x1 len 0x3 needed 0x3 pos 0x0 addr 0x1104 tx 0xa5
m25p80_transfer [0x5556b691f6e0] Transfer state 0x1 len 0x3 needed 0x3 pos 0x0 addr 0x1105 tx 0xca
m25p80_transfer [0x5556b691f6e0] Transfer state 0x1 len 0x3 needed 0x3 pos 0x0 addr 0x1106 tx 0xef
m25p80_transfer [0x5556b691f6e0] Transfer state 0x1 len 0x3 needed 0x3 pos 0x0 addr 0x1107 tx 0x14
m25p80_transfer [0x5556b691f6e0] Transfer state 0x1 len 0x3 needed 0x3 pos 0x0 addr 0x1108 tx 0x39
m25p80_transfer [0x5556b691f6e0] Transfer state 0x1 len 0x3 needed 0x3 pos 0x0 addr 0x1109 tx 0x5e
m25p80_transfer [0x5556b691f6e0] Transfer state 0x1 len 0x3 needed 0x3 pos 0x0 addr 0x110a tx 0x83
m25p80_transfer [0x5556b691f6e0] Transfer state 0x1 len 0x3 needed 0x3 pos 0x0 addr 0x110b tx 0xa8
m25p80_transfer [0x5556b691f6e0] Transfer state 0x1 len 0x3 needed 0x3 pos 0x0 addr 0x110c tx 0xcd
m25p80_transfer [0x5556b691f6e0] Transfer state 0x1 len 0x3 needed 0x3 pos 0x0 addr 0x110d tx 0xf2
m25p80_transfer [0x5556b691f6e0] Transfer state 0x1 len 0x3 needed 0x3 pos 0x0 addr 0x110e tx 0x17
m25p80_transfer [0x5556b691f6e0] Transfer state 0x1 len 0x3 needed 0x3 pos 0x0 addr 0x110f tx 0x3c
m25p80_transfer [0x5556b691f6e0] Transfer state 0x1 len 0x3 needed 0x3 pos 0x0 addr 0x1110 tx 0x61
m25p80_transfer [0x5556b691f6e0] Transfer state 0x1 len 0x3 needed 0x3 pos 0x0 addr 0x1111 tx 0x86
m25p80_transfer [0x5556b691f6e0] Transfer state 0x1 len 0x3 needed 0x3 pos 0x0 addr 0x1112 tx 0xab
m25p80_transfer [0x5556b691f6e0] Transfer state 0x1 len 0x3 needed 0x3 pos 0x0 addr 0x1113 tx 0xd0
m25p80_transfer [0x5556b691f6e0] Transfer state 0x1 len 0x3 needed 0x3 pos 0x0 addr 0x1114 tx 0xf5
m25p80_transfer [0x5556b691f6e0] Transfer state 0x1 len 0x3 needed 0x3 pos 0x0 addr 0x1115 tx 0x1a
m25p80_transfer [0x5556b691f6e0] Transfer state 0x1 len 0x3 needed 0x3 pos 0x0 addr 0x1116 tx 0x3f
m25p80_transfer [0x5556b691f6e0] Transfer state 0x1 len 0x3 needed 0x3 pos 0x0 addr 0x1117 tx 0x64
m25p80_transfer [0x5556b691f6e0] Transfer state 0x1 len 0x3 needed 0x3 pos 0x0 addr 0x1118 tx 0x89
m25p80_transfer [0x5556b691f6e0] Transfer state 0x1 len 0x3 needed 0x3 pos 0x0 addr 0x1119 tx 0xae
m25p80_transfer [0x5556b691f6e0] Transfer state 0x1 len 0x3 needed 0x3 pos 0x0 addr 0x111a tx 0xd3
m25p80_transfer [0x5556b691f6e0] Transfer state 0x1 len 0x3 needed 0x3 pos 0x0 addr 0x111b tx 0xf8
m25p80_transfer [0x5556b691f6e0] Transfer state 0x1 len 0x3 needed 0x3 pos 0x0 addr 0x111c tx 0x1d
m25p80_transfer [0x5556b691f6e0] Transfer state 0x1 len 0x3 needed 0x3 pos 0x0 addr 0x111d tx 0x42
m25p80_transfer [0x5556b691f6e0] Transfer state 0x1 len 0x3 needed 0x3 pos 0x0 addr 0x111e tx 0x67
m25p80_transfer [0x5556b691f6e0] Transfer state 0x1 len 0x3 needed 0x3 pos 0x0 addr 0x111f tx 0x8c
m25p80_transfer [0x5556b691f6e0] Transfer state 0x1 len 0x3 needed 0x3 pos 0x0 addr 0x1120 tx 0xb1
m25p80_select [0x5556b691f6e0] deselect
m25p80_select [0x5556b691f6e0] select
m25p80_transfer [0x5556b691f6e0] Transfer state 0x0 len 0x0 needed 0x3 pos 0x0 addr 0x1121 tx 0x5
m25p80_transfer [0x5556b691f6e0] Transfer state 0x5 len 0x1 needed 0x3 pos 0x0 addr 0x1121 tx 0xff
m25p80_select [0x5556b691f6e0] deselect
m25p80_select [0x5556b691f6e0] select
m25p80_transfer [0x5556b691f6e0] Transfer state 0x0 len 0x0 needed 0x3 pos 0x0 addr 0x1121 tx 0x3
m25p80_transfer [0x5556b691f6e0] Transfer state 0x3 len 0x0 needed 0x3 pos 0x0 addr 0x1121 tx 0x0
m25p80_transfer [0x5556b691f6e0] Transfer state 0x3 len 0x1 needed 0x3 pos 0x0 addr 0x1121 tx 0x11
m25p80_transfer [0x5556b691f6e0] Transfer state 0x3 len 0x2 needed 0x3 pos 0x0 addr 0x1121 tx 0x0
m25p80_transfer [0x5556b691f6e0] Transfer state 0x2 len 0x3 needed 0x3 pos 0x0 addr 0x1100 tx 0xff
m25p80_transfer [0x5556b691f6e0] Transfer state 0x2 len 0x3 needed 0x3 pos 0x0 addr 0x1101 tx 0xff
m25p80_transfer [0x5556b691f6e0] Transfer state 0x2 len 0x3 needed 0x3 pos 0x0 addr 0x1102 tx 0xff
m25p80_transfer [0x5556b691f6e0] Transfer state 0x2 len 0x3 needed 0x3 pos 0x0 addr 0x1103 tx 0xff
m25p80_transfer [0x5556b691f6e0] Transfer state 0x2 len 0x3 needed 0x3 pos 0x0 addr 0x1104 tx 0xff
m25p80_transfer [0x5556b691f6e0] Transfer state 0x2 len 0x3 needed 0x3 pos 0x0 addr 0x1105 tx 0xff
m25p80_transfer [0x5556b691f6e0] Transfer state 0x2 len 0x3 needed 0x3 pos 0x0 addr 0x1106 tx 0xff
m25p80_transfer [0x5556b691f6e0] Transfer state 0x2 len 0x3 needed 0x3 pos 0x0 addr 0x1107 tx 0xff
m25p80_transfer [0x5556b691f6e0] Transfer state 0x2 len 0x3 needed 0x3 pos 0x0 addr 0x1108 tx 0xff
m25p80_transfer [0x5556b691f6e0] Transfer state 0x2 len 0x3 needed 0x3 pos 0x0 addr 0x1109 tx 0xff
m25p80_transfer [0x5556b691f6e0] Transfer state 0x2 len 0x3 needed 0x3 pos 0x0 addr 0x110a tx 0xff
m25p80_transfer [0x5556b691f6e0] Transfer state 0x2 len 0x3 needed 0x3 pos 0x0 addr 0x110b tx 0xff
m25p80_transfer [0x5556b691f6e0] Transfer state 0x2 len 0x3 needed 0x3 pos 0x0 addr 0x110c tx 0xff
m25p80_transfer [0x5556b691f6e0] Transfer state 0x2 len 0x3 needed 0x3 pos 0x0 addr 0x110d tx 0xff
m25p80_transfer [0x5556b691f6e0] Transfer state 0x2 len 0x3 needed 0x3 pos 0x0 addr 0x110e tx 0xff
m25p80_transfer [0x5556b691f6e0] Transfer state 0x2 len 0x3 needed 0x3 pos 0x0 addr 0x110f tx 0xff
m25p80_transfer [0x5556b691f6e0] Transfer state 0x2 len 0x3 needed 0x3 pos 0x0 addr 0x1110 tx 0xff
m25p80_transfer [0x5556b691f6e0] Transfer state 0x2 len 0x3 needed 0x3 pos 0x0 addr 0x1111 tx 0xff
m25p80_transfer [0x5556b691f6e0] Transfer state 0x2 len 0x3 needed 0x3 pos 0x0 addr 0x1112 tx 0xff
m25p80_transfer [0x5556b691f6e0] Transfer state 0x2 len 0x3 needed 0x3 pos 0x0 addr 0x1113 tx 0xff
m25p80_transfer [0x5556b691f6e0] Transfer state 0x2 len 0x3 needed 0x3 pos 0x0 addr 0x1114 tx 0xff
m25p80_transfer [0x5556b691f6e0] Transfer state 0x2 len 0x3 needed 0x3 pos 0x0 addr 0x1115 tx 0xff
m25p80_transfer [0x5556b691f6e0] Transfer state 0x2 len 0x3 needed 0x3 pos 0x0 addr 0x1116 tx 0xff
m25p80_transfer [0x5556b691f6e0] Transfer state 0x2 len 0x3 needed 0x3 pos 0x0 addr 0x1117 tx 0xff
m25p80_transfer [0x5556b691f6e0] Transfer state 0x2 len 0x3 needed 0x3 pos 0x0 addr 0x1118 tx 0xff
m25p80_transfer [0x5556b691f6e0] Transfer state 0x2 len 0x3 needed 0x3 pos 0x0 addr 0x1119 tx 0xff
m25p80_transfer [0x5556b691f6e0] Transfer state 0x2 len 0x3 needed 0x3 pos 0x0 addr 0x111a tx 0xff
m25p80_transfer [0x5556b691f6e0] Transfer state 0x2 len 0x3 needed 0x3 pos 0x0 addr 0x111b tx 0xff
m25p80_transfer [0x5556b691f6e0] Transfer state 0x2 len 0x3 needed 0x3 pos 0x0 addr 0x111c tx 0xff
m25p80_transfer [0x5556b691f6e0] Transfer state 0x2 len 0x3 needed 0x3 pos 0x0 addr 0x111d tx 0xff
m25p80_transfer [0x5556b691f6e0] Transfer state 0x2 len 0x3 needed 0x3 pos 0x0 addr 0x111e tx 0xff
m25p80_transfer [0x5556b691f6e0] Transfer state 0x2 len 0x3 needed 0x3 pos 0x0 addr 0x111f tx 0xff
m25p80_transfer [0x5556b691f6e0] Transfer state 0x2 len 0x3 needed 0x3 pos 0x0 addr 0x1120 tx 0xff
m25p80_select [0x5556b691f6e0] deselect
m25p80_select [0x5556b691f6e0] select
m25p80_transfer [0x5556b691f6e0] Transfer state 0x0 len 0x0 needed 0x3 pos 0x0 addr 0x1121 tx 0x3
m25p80_transfer [0x5556b691f6e0] Transfer state 0x3 len 0x0 needed 0x3 pos 0x0 addr 0x1121 tx 0x0
m25p80_transfer [0x5556b691f6e0] Transfer state 0x3 len 0x1 needed 0x3 pos 0x0 addr 0x1121 tx 0x10
m25p80_transfer [0x5556b691f6e0] Transfer state 0x3 len 0x2 needed 0x3 pos 0x0 addr 0x1121 tx 0x0
m25p80_transfer [0x5556b691f6e0] Transfer state 0x2 len 0x3 needed 0x3 pos 0x0 addr 0x1000 tx 0xff
m25p80_transfer [0x5556b691f6e0] Transfer state 0x2 len 0x3 needed 0x3 pos 0x0 addr 0x1001 tx 0xff
m25p80_transfer [0x5556b691f6e0] Transfer state 0x2 len 0x3 needed 0x3 pos 0x0 addr 0x1002 tx 0xff
m25p80_transfer [0x5556b691f6e0] Transfer state 0x2 len 0x3 needed 0x3 pos 0x0 addr 0x1003 tx 0xff
m25p80_transfer [0x5556b691f6e0] Transfer state 0x2 len 0x3 needed 0x3 pos 0x0 addr 0x1004 tx 0xff
m25p80_transfer [0x5556b691f6e0] Transfer state 0x2 len 0x3 needed 0x3 pos 0x0 addr 0x1005 tx 0xff
m25p80_transfer [0x5556b691f6e0] Transfer state 0x2 len 0x3 needed 0x3 pos 0x0 addr 0x1006 tx 0xff
m25p80_transfer [0x5556b691f6e0] Transfer state 0x2 len 0x3 needed 0x3 pos 0x0 addr 0x1007 tx 0xff
m25p80_transfer [0x5556b691f6e0] Transfer state 0x2 len 0x3 needed 0x3 pos 0x0 addr 0x1008 tx 0xff
m25p80_transfer [0x5556b691f6e0] Transfer state 0x2 len 0x3 needed 0x3 pos 0x0 addr 0x1009 tx 0xff
m25p80_transfer [0x5556b691f6e0] Transfer state 0x2 len 0x3 needed 0x3 pos 0x0 addr 0x100a tx 0xff
m25p80_transfer [0x5556b691f6e0] Transfer state 0x2 len 0x3 needed 0x3 pos 0x0 addr 0x100b tx 0xff
m25p80_transfer [0x5556b691f6e0] Transfer state 0x2 len 0x3 needed 0x3 pos 0x0 addr 0x100c tx 0xff
m25p80_transfer [0x5556b691f6e0] Transfer state 0x2 len 0x3 needed 0x3 pos 0x0 addr 0x100d tx 0xff
m25p80_transfer [0x5556b691f6e0] Transfer state 0x2 len 0x3 needed 0x3 pos 0x0 addr 0x100e tx 0xff
m25p80_transfer [0x5556b691f6e0] Transfer state 0x2 len 0x3 needed 0x3 pos 0x0 addr 0x100f tx 0xff
m25p80_transfer [0x5556b691f6e0] Transfer state 0x2 len 0x3 needed 0x3 pos 0x0 addr 0x1010 tx 0xff
m25p80_transfer [0x5556b691f6e0] Transfer state 0x2 len 0x3 needed 0x3 pos 0x0 addr 0x1011 tx 0xff
m25p80_transfer [0x5556b691f6e0] Transfer state 0x2 len 0x3 needed 0x3 pos 0x0 addr 0x1012 tx 0xff
m25p80_transfer [0x5556b691f6e0] Transfer state 0x2 len 0x3 needed 0x3 pos 0x0 addr 0x1013 tx 0xff
m25p80_transfer [0x5556b691f6e0] Transfer state 0x2 len 0x3 needed 0x3 pos 0x0 addr 0x1014 tx 0xff
m25p80_transfer [0x5556b691f6e0] Transfer state 0x2 len 0x3 needed 0x3 pos 0x0 addr 0x1015 tx 0xff
m25p80_transfer [0x5556b691f6e0] Transfer state 0x2 len 0x3 needed 0x3 pos 0x0 addr 0x1016 tx 0xff
m25p80_transfer [0x5556b691f6e0] Transfer state 0x2 len 0x3 needed 0x3 pos 0x0 addr 0x1017 tx 0xff
m25p80_transfer [0x5556b691f6e0] Transfer state 0x2 len 0x3 needed 0x3 pos 0x0 addr 0x1018 tx 0xff
m25p80_transfer [0x5556b691f6e0] Transfer state 0x2 len 0x3 needed 0x3 pos 0x0 addr 0x1019 tx 0xff
m25p80_transfer [0x5556b691f6e0] Transfer state 0x2 len 0x3 needed 0x3 pos 0x0 addr 0x101a tx 0xff
m25p80_transfer [0x5556b691f6e0] Transfer state 0x2 len 0x3 needed 0x3 pos 0x0 addr 0x101b tx 0xff
m25p80_transfer [0x5556b691f6e0] Transfer state 0x2 len 0x3 needed 0x3 pos 0x0 addr 0x101c tx 0xff
m25p80_transfer [0x5556b691f6e0] Transfer state 0x2 len 0x3 needed 0x3 pos 0x0 addr 0x101d tx 0xff
m25p80_transfer [0x5556b691f6e0] Transfer state 0x2 len 0x3 needed 0x3 pos 0x0 addr 0x101e tx 0xff
m25p80_transfer [0x5556b691f6e0] Transfer state 0x2 len 0x3 needed 0x3 pos 0x0 addr 0x101f tx 0xff
m25p80_transfer [0x5556b691f6e0] Transfer state 0x2 len 0x3 needed 0x3 pos 0x0 addr 0x1020 tx 0xff
m25p80_select [0x5556b691f6e0] deselect
m25p80_select [0x5556b628d400] select
m25p80_transfer [0x5556b628d400] Transfer state 0x0 len 0x0 needed 0x0 pos 0x0 addr 0x0 tx 0x9f
m25p80_transfer [0x5556b628d400] Transfer state 0x5 len 0x6 needed 0x0 pos 0x0 addr 0x0 tx 0xff
m25p80_transfer [0x5556b628d400] Transfer state 0x5 len 0x6 needed 0x0 pos 0x1 addr 0x0 tx 0xff
m25p80_transfer [0x5556b628d400] Transfer state 0x5 len 0x6 needed 0x0 pos 0x2 addr 0x0 tx 0xff
m25p80_select [0x5556b628d400] deselect
m25p80_select [0x5556b628d400] select
m25p80_transfer [0x5556b628d400] Transfer state 0x0 len 0x0 needed 0x0 pos 0x0 addr 0x0 tx 0x6
m25p80_select [0x5556b628d400] deselect
m25p80_select [0x5556b628d400] select
m25p80_transfer [0x5556b628d400] Transfer state 0x0 len 0x0 needed 0x0 pos 0x0 addr 0x0 tx 0x5
m25p80_transfer [0x5556b628d400] Transfer state 0x5 len 0x1 needed 0x0 pos 0x0 addr 0x0 tx 0xff
m25p80_select [0x5556b628d400] deselect
m25p80_select [0x5556b628d400] select
m25p80_transfer [0x5556b628d400] Transfer state 0x0 len 0x0 needed 0x0 pos 0x0 addr 0x0 tx 0x2
m25p80_transfer [0x5556b628d400] Transfer state 0x3 len 0x0 needed 0x3 pos 0x0 addr 0x0 tx 0x0
m25p80_transfer [0x5556b628d400] Transfer state 0x3 len 0x1 needed 0x3 pos 0x0 addr 0x0 tx 0x10
m25p80_transfer [0x5556b628d400] Transfer state 0x3 len 0x2 needed 0x3 pos 0x0 addr 0x0 tx 0x0
m25p80_transfer [0x5556b628d400] Transfer state 0x1 len 0x3 needed 0x3 pos 0x0 addr 0x1000 tx 0x53
m25p80_transfer [0x5556b628d400] Transfer state 0x1 len 0x3 needed 0x3 pos 0x0 addr 0x1001 tx 0x78
m25p80_transfer [0x5556b628d400] Transfer state 0x1 len 0x3 needed 0x3 pos 0x0 addr 0x1002 tx 0x9d
m25p80_transfer [0x5556b628d400] Transfer state 0x1 len 0x3 needed 0x3 pos 0x0 addr 0x1003 tx 0xc2
m25p80_transfer [0x5556b628d400] Transfer state 0x1 len 0x3 needed 0x3 pos 0x0 addr 0x1004 tx 0xe7
m25p80_transfer [0x5556b628d400] Transfer state 0x1 len 0x3 needed 0x3 pos 0x0 addr 0x1005 tx 0xc
m25p80_transfer [0x5556b628d400] Transfer state 0x1 len 0x3 needed 0x3 pos 0x0 addr 0x1006 tx 0x31
m25p80_transfer [0x5556b628d400] Transfer state 0x1 len 0x3 needed 0x3 pos 0x0 addr 0x1007 tx 0x56
m25p80_transfer [0x5556b628d400] Transfer state 0x1 len 0x3 needed 0x3 pos 0x0 addr 0x1008 tx 0x7b
m25p80_transfer [0x5556b628d400] Transfer state 0x1 len 0x3 needed 0x3 pos 0x0 addr 0x1009 tx 0xa0
m25p80_transfer [0x5556b628d400] Transfer state 0x1 len 0x3 needed 0x3 pos 0x0 addr 0x100a tx 0xc5
m25p80_transfer [0x5556b628d400] Transfer state 0x1 len 0x3 needed 0x3 pos 0x0 addr 0x100b tx 0xea
m25p80_transfer [0x5556b628d400] Transfer state 0x1 len 0x3 needed 0x3 pos 0x0 addr 0x100c tx 0xf
m25p80_transfer [0x5556b628d400] Transfer state 0x1 len 0x3 needed 0x3 pos 0x0 addr 0x100d tx 0x34
m25p80_transfer [0x5556b628d400] Transfer state 0x1 len 0x3 needed 0x3 pos 0x0 addr 0x100e tx 0x59
m25p80_transfer [0x5556b628d400] Transfer state 0x1 len 0x3 needed 0x3 pos 0x0 addr 0x100f tx 0x7e
m25p80_transfer [0x5556b628d400] Transfer state 0x1 len 0x3 needed 0x3 pos 0x0 addr 0x1010 tx 0xa3
m25p80_transfer [0x5556b628d400] Transfer state 0x1 len 0x3 needed 0x3 pos 0x0 addr 0x1011 tx 0xc8
m25p80_transfer [0x5556b628d400] Transfer state 0x1 len 0x3 needed 0x3 pos 0x0 addr 0x1012 tx 0xed
m25p80_transfer [0x5556b628d400] Transfer state 0x1 len 0x3 needed 0x3 pos 0x0 addr 0x1013 tx 0x12
m25p80_transfer [0x5556b628d400] Transfer state 0x1 len 0x3 needed 0x3 pos 0x0 addr 0x1014 tx 0x37
m25p80_transfer [0x5556b628d400] Transfer state 0x1 len 0x3 needed 0x3 pos 0x0 addr 0x1015 tx 0x5c
m25p80_transfer [0x5556b628d400] Transfer state 0x1 len 0x3 needed 0x3 pos 0x0 addr 0x1016 tx 0x81
m25p80_transfer [0x5556b628d400] Transfer state 0x1 len 0x3 needed 0x3 pos 0x0 addr 0x1017 tx 0xa6
m25p80_transfer [0x5556b628d400] Transfer state 0x1 len 0x3 needed 0x3 pos 0x0 addr 0x1018 tx 0xcb
m25p80_transfer [0x5556b628d400] Transfer state 0x1 len 0x3 needed 0x3 pos 0x0 addr 0x1019 tx 0xf0
m25p80_transfer [0x5556b628d400] Transfer state 0x1 len 0x3 needed 0x3 pos 0x0 addr 0x101a tx 0x15
m25p80_transfer [0x5556b628d400] Transfer state 0x1 len 0x3 needed 0x3 pos 0x0 addr 0x101b tx 0x3a
m25p80_transfer [0x5556b628d400] Transfer state 0x1 len 0x3 needed 0x3 pos 0x0 addr 0x101c tx 0x5f
m25p80_transfer [0x5556b628d400] Transfer state 0x1 len 0x3 needed 0x3 pos 0x0 addr 0x101d tx 0x84
m25p80_transfer [0x5556b628d400] Transfer state 0x1 len 0x3 needed 0x3 pos 0x0 addr 0x101e tx 0xa9
m25p80_transfer [0x5556b628d400] Transfer state 0x1 len 0x3 needed 0x3 pos 0x0 addr 0x101f tx 0xce
m25p80_transfer [0x5556b628d400] Transfer state 0x1 len 0x3 needed 0x3 pos 0x0 addr 0x1020 tx 0xf3
m25p80_select [0x5556b628d400] deselect
m25p80_select [0x5556b628d400] select
m25p80_transfer [0x5556b628d400] Transfer state 0x0 len 0x0 needed 0x3 pos 0x0 addr 0x1021 tx 0x5
m25p80_transfer [0x5556b628d400] Transfer state 0x5 len 0x1 needed 0x3 pos 0x0 addr 0x1021 tx 0xff
m25p80_select [0x5556b628d400] deselect
m25p80_select [0x5556b628d400] select
m25p80_transfer [0x5556b628d400] Transfer state 0x0 len 0x0 needed 0x3 pos 0x0 addr 0x1021 tx 0x3
m25p80_transfer [0x5556b628d400] Transfer state 0x3 len 0x0 needed 0x3 pos 0x0 addr 0x1021 tx 0x0
m25p80_transfer [0x5556b628d400] Transfer state 0x3 len 0x1 needed 0x3 pos 0x0 addr 0x1021 tx 0x10
m25p80_transfer [0x5556b628d400] Transfer state 0x3 len 0x2 needed 0x3 pos 0x0 addr 0x1021 tx 0x0
m25p80_transfer [0x5556b628d400] Transfer state 0x2 len 0x3 needed 0x3 pos 0x0 addr 0x1000 tx 0xff
m25p80_transfer [0x5556b628d400] Transfer state 0x2 len 0x3 needed 0x3 pos 0x0 addr 0x1001 tx 0xff
m25p80_transfer [0x5556b628d400] Transfer state 0x2 len 0x3 needed 0x3 pos 0x0 addr 0x1002 tx 0xff
m25p80_transfer [0x5556b628d400] Transfer state 0x2 len 0x3 needed 0x3 pos 0x0 addr 0x1003 tx 0xff
m25p80_transfer [0x5556b628d400] Transfer state 0x2 len 0x3 needed 0x3 pos 0x0 addr 0x1004 tx 0xff
m25p80_transfer [0x5556b628d400] Transfer state 0x2 len 0x3 needed 0x3 pos 0x0 addr 0x1005 tx 0xff
m25p80_transfer [0x5556b628d400] Transfer state 0x2 len 0x3 needed 0x3 pos 0x0 addr 0x1006 tx 0xff
m25p80_transfer [0x5556b628d400] Transfer state 0x2 len 0x3 needed 0x3 pos 0x0 addr 0x1007 tx 0xff
m25p80_transfer [0x5556b628d400] Transfer state 0x2 len 0x3 needed 0x3 pos 0x0 addr 0x1008 tx 0xff
m25p80_transfer [0x5556b628d400] Transfer state 0x2 len 0x3 needed 0x3 pos 0x0 addr 0x1009 tx 0xff
m25p80_transfer [0x5556b628d400] Transfer state 0x2 len 0x3 needed 0x3 pos 0x0 addr 0x100a tx 0xff
m25p80_transfer [0x5556b628d400] Transfer state 0x2 len 0x3 needed 0x3 pos 0x0 addr 0x100b tx 0xff
m25p80_transfer [0x5556b628d400] Transfer state 0x2 len 0x3 needed 0x3 pos 0x0 addr 0x100c tx 0xff
m25p80_transfer [0x5556b628d400] Transfer state 0x2 len 0x3 needed 0x3 pos 0x0 addr 0x100d tx 0xff
m25p80_transfer [0x5556b628d400] Transfer state 0x2 len 0x3 needed 0x3 pos 0x0 addr 0x100e tx 0xff
m25p80_transfer [0x5556b628d400] Transfer state 0x2 len 0x3 needed 0x3 pos 0x0 addr 0x100f tx 0xff
m25p80_transfer [0x5556b628d400] Transfer state 0x2 len 0x3 needed 0x3 pos 0x0 addr 0x1010 tx 0xff
m25p80_transfer [0x5556b628d400] Transfer state 0x2 len 0x3 needed 0x3 pos 0x0 addr 0x1011 tx 0xff
m25p80_transfer [0x5556b628d400] Transfer state 0x2 len 0x3 needed 0x3 pos 0x0 addr 0x1012 tx 0xff
m25p80_transfer [0x5556b628d400] Transfer state 0x2 len 0x3 needed 0x3 pos 0x0 addr 0x1013 tx 0xff
m25p80_transfer [0x5556b628d400] Transfer state 0x2 len 0x3 needed 0x3 pos 0x0 addr 0x1014 tx 0xff
m25p80_transfer [0x5556b628d400] Transfer state 0x2 len 0x3 needed 0x3 pos 0x0 addr 0x1015 tx 0xff
m25p80_transfer [0x5556b628d400] Transfer state 0x2 len 0x3 needed 0x3 pos 0x0 addr 0x1016 tx 0xff
m25p80_transfer [0x5556b628d400] Transfer state 0x2 len 0x3 needed 0x3 pos 0x0 addr 0x1017 tx 0xff
m25p80_transfer [0x5556b628d400] Transfer state 0x2 len 0x3 needed 0x3 pos 0x0 addr 0x1018 tx 0xff
m25p80_transfer [0x5556b628d400] Transfer state 0x2 len 0x3 needed 0x3 pos 0x0 addr 0x1019 tx 0xff
m25p80_transfer [0x5556b628d400] Transfer state 0x2 len 0x3 needed 0x3 pos 0x0 addr 0x101a tx 0xff
m25p80_transfer [0x5556b628d400] Transfer state 0x2 len 0x3 needed 0x3 pos 0x0 addr 0x101b tx 0xff
m25p80_transfer [0x5556b628d400] Transfer state 0x2 len 0x3 needed 0x3 pos 0x0 addr 0x101c tx 0xff
m25p80_transfer [0x5556b628d400] Transfer state 0x2 len 0x3 needed 0x3 pos 0x0 addr 0x101d tx 0xff
m25p80_transfer [0x5556b628d400] Transfer state 0x2 len 0x3 needed 0x3 pos 0x0 addr 0x101e tx 0xff
m25p80_transfer [0x5556b628d400] Transfer state 0x2 len 0x3 needed 0x3 pos 0x0 addr 0x101f tx 0xff
m25p80_transfer [0x5556b628d400] Transfer state 0x2 len 0x3 needed 0x3 pos 0x0 addr 0x1020 tx 0xff
m25p80_select [0x5556b628d400] deselect
m25p80_select [0x5556b628d400] select
m25p80_transfer [0x5556b628d400] Transfer state 0x0 len 0x0 needed 0x3 pos 0x0 addr 0x1021 tx 0x6
m25p80_select [0x5556b628d400] deselect
m25p80_select [0x5556b628d400] select
m25p80_transfer [0x5556b628d400] Transfer state 0x0 len 0x0 needed 0x3 pos 0x0 addr 0x1021 tx 0x5
m25p80_transfer [0x5556b628d400] Transfer state 0x5 len 0x1 needed 0x3 pos 0x0 addr 0x1021 tx 0xff
m25p80_select [0x5556b628d400] deselect
m25p80_select [0x5556b628d400] select
m25p80_transfer [0x5556b628d400] Transfer state 0x0 len 0x0 needed 0x3 pos 0x0 addr 0x1021 tx 0x2
m25p80_transfer [0x5556b628d400] Transfer state 0x3 len 0x0 needed 0x3 pos 0x0 addr 0x1021 tx 0x0
m25p80_transfer [0x5556b628d400] Transfer state 0x3 len 0x1 needed 0x3 pos 0x0 addr 0x1021 tx 0x11
m25p80_transfer [0x5556b628d400] Transfer state 0x3 len 0x2 needed 0x3 pos 0x0 addr 0x1021 tx 0x0
m25p80_transfer [0x5556b628d400] Transfer state 0x1 len 0x3 needed 0x3 pos 0x0 addr 0x1100 tx 0x64
m25p80_transfer [0x5556b628d400] Transfer state 0x1 len 0x3 needed 0x3 pos 0x0 addr 0x1101 tx 0x89
m25p80_transfer [0x5556b628d400] Transfer state 0x1 len 0x3 needed 0x3 pos 0x0 addr 0x1102 tx 0xae
m25p80_transfer [0x5556b628d400] Transfer state 0x1 len 0x3 needed 0x3 pos 0x0 addr 0x1103 tx 0xd3
m25p80_transfer [0x5556b628d400] Transfer state 0x1 len 0x3 needed 0x3 pos 0x0 addr 0x1104 tx 0xf8
m25p80_transfer [0x5556b628d400] Transfer state 0x1 len 0x3 needed 0x3 pos 0x0 addr 0x1105 tx 0x1d
m25p80_transfer [0x5556b628d400] Transfer state 0x1 len 0x3 needed 0x3 pos 0x0 addr 0x1106 tx 0x42
m25p80_transfer [0x5556b628d400] Transfer state 0x1 len 0x3 needed 0x3 pos 0x0 addr 0x1107 tx 0x67
m25p80_transfer [0x5556b628d400] Transfer state 0x1 len 0x3 needed 0x3 pos 0x0 addr 0x1108 tx 0x8c
m25p80_transfer [0x5556b628d400] Transfer state 0x1 len 0x3 needed 0x3 pos 0x0 addr 0x1109 tx 0xb1
m25p80_transfer [0x5556b628d400] Transfer state 0x1 len 0x3 needed 0x3 pos 0x0 addr 0x110a tx 0xd6
m25p80_transfer [0x5556b628d400] Transfer state 0x1 len 0x3 needed 0x3 pos 0x0 addr 0x110b tx 0xfb
m25p80_transfer [0x5556b628d400] Transfer state 0x1 len 0x3 needed 0x3 pos 0x0 addr 0x110c tx 0x20
m25p80_transfer [0x5556b628d400] Transfer state 0x1 len 0x3 needed 0x3 pos 0x0 addr 0x110d tx 0x45
m25p80_transfer [0x5556b628d400] Transfer state 0x1 len 0x3 needed 0x3 pos 0x0 addr 0x110e tx 0x6a
m25p80_transfer [0x5556b628d400] Transfer state 0x1 len 0x3 needed 0x3 pos 0x0 addr 0x110f tx 0x8f
m25p80_transfer [0x5556b628d400] Transfer state 0x1 len 0x3 needed 0x3 pos 0x0 addr 0x1110 tx 0xb4
m25p80_transfer [0x5556b628d400] Transfer state 0x1 len 0x3 needed 0x3 pos 0x0 addr 0x1111 tx 0xd9
m25p80_transfer [0x5556b628d400] Transfer state 0x1 len 0x3 needed 0x3 pos 0x0 addr 0x1112 tx 0xfe
m25p80_transfer [0x5556b628d400] Transfer state 0x1 len 0x3 needed 0x3 pos 0x0 addr 0x1113 tx 0x23
m25p80_transfer [0x5556b628d400] Transfer state 0x1 len 0x3 needed 0x3 pos 0x0 addr 0x1114 tx 0x48
m25p80_transfer [0x5556b628d400] Transfer state 0x1 len 0x3 needed 0x3 pos 0x0 addr 0x1115 tx 0x6d
m25p80_transfer [0x5556b628d400] Transfer state 0x1 len 0x3 needed 0x3 pos 0x0 addr 0x1116 tx 0x92
m25p80_transfer [0x5556b628d400] Transfer state 0x1 len 0x3 needed 0x3 pos 0x0 addr 0x1117 tx 0xb7
m25p80_transfer [0x5556b628d400] Transfer state 0x1 len 0x3 needed 0x3 pos 0x0 addr 0x1118 tx 0xdc
m25p80_transfer [0x5556b628d400] Transfer state 0x1 len 0x3 needed 0x3 pos 0x0 addr 0x1119 tx 0x1
m25p80_transfer [0x5556b628d400] Transfer state 0x1 len 0x3 needed 0x3 pos 0x0 addr 0x111a tx 0x26
m25p80_transfer [0x5556b628d400] Transfer state 0x1 len 0x3 needed 0x3 pos 0x0 addr 0x111b tx 0x4b
m25p80_transfer [0x5556b628d400] Transfer state 0x1 len 0x3 needed 0x3 pos 0x0 addr 0x111c tx 0x70
m25p80_transfer [0x5556b628d400] Transfer state 0x1 len 0x3 needed 0x3 pos 0x0 addr 0x111d tx 0x95
m25p80_transfer [0x5556b628d400] Transfer state 0x1 len 0x3 needed 0x3 pos 0x0 addr 0x111e tx 0xba
m25p80_transfer [0x5556b628d400] Transfer state 0x1 len 0x3 needed 0x3 pos 0x0 addr 0x111f tx 0xdf
m25p80_transfer [0x5556b628d400] Transfer state 0x1 len 0x3 needed 0x3 pos 0x0 addr 0x1120 tx 0x4
m25p80_select [0x5556b628d400] deselect
m25p80_select [0x5556b628d400] select
m25p80_transfer [0x5556b628d400] Transfer state 0x0 len 0x0 needed 0x3 pos 0x0 addr 0x1121 tx 0x5
m25p80_transfer [0x5556b628d400] Transfer state 0x5 len 0x1 needed 0x3 pos 0x0 addr 0x1121 tx 0xff
m25p80_select [0x5556b628d400] deselect
m25p80_select [0x5556b628d400] select
m25p80_transfer [0x5556b628d400] Transfer state 0x0 len 0x0 needed 0x3 pos 0x0 addr 0x1121 tx 0x3
m25p80_transfer [0x5556b628d400] Transfer state 0x3 len 0x0 needed 0x3 pos 0x0 addr 0x1121 tx 0x0
m25p80_transfer [0x5556b628d400] Transfer state 0x3 len 0x1 needed 0x3 pos 0x0 addr 0x1121 tx 0x11
m25p80_transfer [0x5556b628d400] Transfer state 0x3 len 0x2 needed 0x3 pos 0x0 addr 0x1121 tx 0x0
m25p80_transfer [0x5556b628d400] Transfer state 0x2 len 0x3 needed 0x3 pos 0x0 addr 0x1100 tx 0xff
m25p80_transfer [0x5556b628d400] Transfer state 0x2 len 0x3 needed 0x3 pos 0x0 addr 0x1101 tx 0xff
m25p80_transfer [0x5556b628d400] Transfer state 0x2 len 0x3 needed 0x3 pos 0x0 addr 0x1102 tx 0xff
m25p80_transfer [0x5556b628d400] Transfer state 0x2 len 0x3 needed 0x3 pos 0x0 addr 0x1103 tx 0xff
m25p80_transfer [0x5556b628d400] Transfer state 0x2 len 0x3 needed 0x3 pos 0x0 addr 0x1104 tx 0xff
m25p80_transfer [0x5556b628d400] Transfer state 0x2 len 0x3 needed 0x3 pos 0x0 addr 0x1105 tx 0xff
m25p80_transfer [0x5556b628d400] Transfer state 0x2 len 0x3 needed 0x3 pos 0x0 addr 0x1106 tx 0xff
m25p80_transfer [0x5556b628d400] Transfer state 0x2 len 0x3 needed 0x3 pos 0x0 addr 0x1107 tx 0xff
m25p80_transfer [0x5556b628d400] Transfer state 0x2 len 0x3 needed 0x3 pos 0x0 addr 0x1108 tx 0xff
m25p80_transfer [0x5556b628d400] Transfer state 0x2 len 0x3 needed 0x3 pos 0x0 addr 0x1109 tx 0xff
m25p80_transfer [0x5556b628d400] Transfer state 0x2 len 0x3 needed 0x3 pos 0x0 addr 0x110a tx 0xff
m25p80_transfer [0x5556b628d400] Transfer state 0x2 len 0x3 needed 0x3 pos 0x0 addr 0x110b tx 0xff
m25p80_transfer [0x5556b628d400] Transfer state 0x2 len 0x3 needed 0x3 pos 0x0 addr 0x110c tx 0xff
m25p80_transfer [0x5556b628d400] Transfer state 0x2 len 0x3 needed 0x3 pos 0x0 addr 0x110d tx 0xff
m25p80_transfer [0x5556b628d400] Transfer state 0x2 len 0x3 needed 0x3 pos 0x0 addr 0x110e tx 0xff
m25p80_transfer [0x5556b628d400] Transfer state 0x2 len 0x3 needed 0x3 pos 0x0 addr 0x110f tx 0xff
m25p80_transfer [0x5556b628d400] Transfer state 0x2 len 0x3 needed 0x3 pos 0x0 addr 0x1110 tx 0xff
m25p80_transfer [0x5556b628d400] Transfer state 0x2 len 0x3 needed 0x3 pos 0x0 addr 0x1111 tx 0xff
m25p80_transfer [0x5556b628d400] Transfer state 0x2 len 0x3 needed 0x3 pos 0x0 addr 0x1112 tx 0xff
m25p80_transfer [0x5556b628d400] Transfer state 0x2 len 0x3 needed 0x3 pos 0x0 addr 0x1113 tx 0xff
m25p80_transfer [0x5556b628d400] Transfer state 0x2 len 0x3 needed 0x3 pos 0x0 addr 0x1114 tx 0xff
m25p80_transfer [0x5556b628d400] Transfer state 0x2 len 0x3 needed 0x3 pos 0x0 addr 0x1115 tx 0xff
m25p80_transfer [0x5556b628d400] Transfer state 0x2 len 0x3 needed 0x3 pos 0x0 addr 0x1116 tx 0xff
m25p80_transfer [0x5556b628d400] Transfer state 0x2 len 0x3 needed 0x3 pos 0x0 addr 0x1117 tx 0xff
m25p80_transfer [0x5556b628d400] Transfer state 0x2 len 0x3 needed 0x3 pos 0x0 addr 0x1118 tx 0xff
m25p80_transfer [0x5556b628d400] Transfer state 0x2 len 0x3 needed 0x3 pos 0x0 addr 0x1119 tx 0xff
m25p80_transfer [0x5556b628d400] Transfer state 0x2 len 0x3 needed 0x3 pos 0x0 addr 0x111a tx 0xff
m25p80_transfer [0x5556b628d400] Transfer state 0x2 len 0x3 needed 0x3 pos 0x0 addr 0x111b tx 0xff
m25p80_transfer [0x5556b628d400] Transfer state 0x2 len 0x3 needed 0x3 pos 0x0 addr 0x111c tx 0xff
m25p80_transfer [0x5556b628d400] Transfer state 0x2 len 0x3 needed 0x3 pos 0x0 addr 0x111d tx 0xff
m25p80_transfer [0x5556b628d400] Transfer state 0x2 len 0x3 needed 0x3 pos 0x0 addr 0x111e tx 0xff
m25p80_transfer [0x5556b628d400] Transfer state 0x2 len 0x3 needed 0x3 pos 0x0 addr 0x111f tx 0xff
m25p80_transfer [0x5556b628d400] Transfer state 0x2 len 0x3 needed 0x3 pos 0x0 addr 0x1120 tx 0xff
m25p80_select [0x5556b628d400] deselect
m25p80_select [0x5556b628d400] select
m25p80_transfer [0x5556b628d400] Transfer state 0x0 len 0x0 needed 0x3 pos 0x0 addr 0x1121 tx 0x3
m25p80_transfer [0x5556b628d400] Transfer state 0x3 len 0x0 needed 0x3 pos 0x0 addr 0x1121 tx 0x0
m25p80_transfer [0x5556b628d400] Transfer state 0x3 len 0x1 needed 0x3 pos 0x0 addr 0x1121 tx 0x10
m25p80_transfer [0x5556b628d400] Transfer state 0x3 len 0x2 needed 0x3 pos 0x0 addr 0x1121 tx 0x0
m25p80_transfer [0x5556b628d400] Transfer state 0x2 len 0x3 needed 0x3 pos 0x0 addr 0x1000 tx 0xff
m25p80_transfer [0x5556b628d400] Transfer state 0x2 len 0x3 needed 0x3 pos 0x0 addr 0x1001 tx 0xff
m25p80_transfer [0x5556b628d400] Transfer state 0x2 len 0x3 needed 0x3 pos 0x0 addr 0x1002 tx 0xff
m25p80_transfer [0x5556b628d400] Transfer state 0x2 len 0x3 needed 0x3 pos 0x0 addr 0x1003 tx 0xff
m25p80_transfer [0x5556b628d400] Transfer state 0x2 len 0x3 needed 0x3 pos 0x0 addr 0x1004 tx 0xff
m25p80_transfer [0x5556b628d400] Transfer state 0x2 len 0x3 needed 0x3 pos 0x0 addr 0x1005 tx 0xff
m25p80_transfer [0x5556b628d400] Transfer state 0x2 len 0x3 needed 0x3 pos 0x0 addr 0x1006 tx 0xff
m25p80_transfer [0x5556b628d400] Transfer state 0x2 len 0x3 needed 0x3 pos 0x0 addr 0x1007 tx 0xff
m25p80_transfer [0x5556b628d400] Transfer state 0x2 len 0x3 needed 0x3 pos 0x0 addr 0x1008 tx 0xff
m25p80_transfer [0x5556b628d400] Transfer state 0x2 len 0x3 needed 0x3 pos 0x0 addr 0x1009 tx 0xff
m25p80_transfer [0x5556b628d400] Transfer state 0x2 len 0x3 needed 0x3 pos 0x0 addr 0x100a tx 0xff
m25p80_transfer [0x5556b628d400] Transfer state 0x2 len 0x3 needed 0x3 pos 0x0 addr 0x100b tx 0xff
m25p80_transfer [0x5556b628d400] Transfer state 0x2 len 0x3 needed 0x3 pos 0x0 addr 0x100c tx 0xff
m25p80_transfer [0x5556b628d400] Transfer state 0x2 len 0x3 needed 0x3 pos 0x0 addr 0x100d tx 0xff
m25p80_transfer [0x5556b628d400] Transfer state 0x2 len 0x3 needed 0x3 pos 0x0 addr 0x100e tx 0xff
m25p80_transfer [0x5556b628d400] Transfer state 0x2 len 0x3 needed 0x3 pos 0x0 addr 0x100f tx 0xff
m25p80_transfer [0x5556b628d400] Transfer state 0x2 len 0x3 needed 0x3 pos 0x0 addr 0x1010 tx 0xff
m25p80_transfer [0x5556b628d400] Transfer state 0x2 len 0x3 needed 0x3 pos 0x0 addr 0x1011 tx 0xff
m25p80_transfer [0x5556b628d400] Transfer state 0x2 len 0x3 needed 0x3 pos 0x0 addr 0x1012 tx 0xff
m25p80_transfer [0x5556b628d400] Transfer state 0x2 len 0x3 needed 0x3 pos 0x0 addr 0x1013 tx 0xff
m25p80_transfer [0x5556b628d400] Transfer state 0x2 len 0x3 needed 0x3 pos 0x0 addr 0x1014 tx 0xff
m25p80_transfer [0x5556b628d400] Transfer state 0x2 len 0x3 needed 0x3 pos 0x0 addr 0x1015 tx 0xff
m25p80_transfer [0x5556b628d400] Transfer state 0x2 len 0x3 needed 0x3 pos 0x0 addr 0x1016 tx 0xff
m25p80_transfer [0x5556b628d400] Transfer state 0x2 len 0x3 needed 0x3 pos 0x0 addr 0x1017 tx 0xff
m25p80_transfer [0x5556b628d400] Transfer state 0x2 len 0x3 needed 0x3 pos 0x0 addr 0x1018 tx 0xff
m25p80_transfer [0x5556b628d400] Transfer state 0x2 len 0x3 needed 0x3 pos 0x0 addr 0x1019 tx 0xff
m25p80_transfer [0x5556b628d400] Transfer state 0x2 len 0x3 needed 0x3 pos 0x0 addr 0x101a tx 0xff
m25p80_transfer [0x5556b628d400] Transfer state 0x2 len 0x3 needed 0x3 pos 0x0 addr 0x101b tx 0xff
m25p80_transfer [0x5556b628d400] Transfer state 0x2 len 0x3 needed 0x3 pos 0x0 addr 0x101c tx 0xff
m25p80_transfer [0x5556b628d400] Transfer state 0x2 len 0x3 needed 0x3 pos 0x0 addr 0x101d tx 0xff
m25p80_transfer [0x5556b628d400] Transfer state 0x2 len 0x3 needed 0x3 pos 0x0 addr 0x101e tx 0xff
m25p80_transfer [0x5556b628d400] Transfer state 0x2 len 0x3 needed 0x3 pos 0x0 addr 0x101f tx 0xff
m25p80_transfer [0x5556b628d400] Transfer state 0x2 len 0x3 needed 0x3 pos 0x0 addr 0x1020 tx 0xff
m25p80_select [0x5556b628d400] deselect
