# random seed: R02S681c3cfffea84485509ffd73752cf581
# Start of arm tests
# Start of bk7258 tests
# Start of t5_board tests
# starting QEMU: exec ./qemu-system-arm -qtest unix:/tmp/qtest-1241010.sock -qtest-log /dev/null -chardev socket,path=/tmp/qtest-1241010.qmp,id=char0 -object monitor-qmp,id=qmp0,chardev=char0 -display none -audio none -run-with exit-with-parent=on -machine t5_board -serial null -device w25q32,bus=qspi0,cs=0 -device w25q32,bus=qspi1,cs=0  -accel qtest
ok 1 /arm/bk7258/t5_board/qspi-rejections
# End of t5_board tests
# End of bk7258 tests
# End of arm tests
1..1
# Start of arm tests
# Start of bk7258 tests
# Start of t5ai_core tests
# starting QEMU: exec ./qemu-system-arm -qtest unix:/tmp/qtest-1241010.sock -qtest-log /dev/null -chardev socket,path=/tmp/qtest-1241010.qmp,id=char0 -object monitor-qmp,id=qmp0,chardev=char0 -display none -audio none -run-with exit-with-parent=on -machine t5ai_core -serial null -device w25q32,bus=qspi0,cs=0 -device w25q32,bus=qspi1,cs=0  -accel qtest
ok 2 /arm/bk7258/t5ai_core/qspi-rejections
# End of t5ai_core tests
# End of bk7258 tests
# End of arm tests
1..2
# Start of arm tests
# Start of bk7258 tests
# Start of aidk_ai_toy tests
# starting QEMU: exec ./qemu-system-arm -qtest unix:/tmp/qtest-1241010.sock -qtest-log /dev/null -chardev socket,path=/tmp/qtest-1241010.qmp,id=char0 -object monitor-qmp,id=qmp0,chardev=char0 -display none -audio none -run-with exit-with-parent=on -machine aidk_ai_toy -serial null -device w25q32,bus=qspi0,cs=0 -device w25q32,bus=qspi1,cs=0  -accel qtest
ok 3 /arm/bk7258/aidk_ai_toy/qspi-rejections
# End of aidk_ai_toy tests
# End of bk7258 tests
# End of arm tests
1..3
