m25p80_select [0x565112fa7400] deselect
m25p80_select [0x5651128d38f0] deselect
m25p80_select [0x5651128d38f0] select
m25p80_transfer [0x5651128d38f0] Transfer state 0x0 len 0x0 needed 0x0 pos 0x0 addr 0x0 tx 0x9f
m25p80_transfer [0x5651128d38f0] Transfer state 0x5 len 0x6 needed 0x0 pos 0x0 addr 0x0 tx 0xff
m25p80_transfer [0x5651128d38f0] Transfer state 0x5 len 0x6 needed 0x0 pos 0x1 addr 0x0 tx 0xff
m25p80_transfer [0x5651128d38f0] Transfer state 0x5 len 0x6 needed 0x0 pos 0x2 addr 0x0 tx 0xff
m25p80_select [0x5651128d38f0] deselect
m25p80_select [0x5651128d38f0] select
m25p80_transfer [0x5651128d38f0] Transfer state 0x0 len 0x0 needed 0x0 pos 0x0 addr 0x0 tx 0x5
m25p80_transfer [0x5651128d38f0] Transfer state 0x5 len 0x1 needed 0x0 pos 0x0 addr 0x0 tx 0xff
m25p80_select [0x5651128d38f0] deselect
m25p80_select [0x5651128d38f0] select
m25p80_transfer [0x5651128d38f0] Transfer state 0x0 len 0x0 needed 0x0 pos 0x0 addr 0x0 tx 0x6
m25p80_select [0x5651128d38f0] deselect
m25p80_select [0x5651128d38f0] select
m25p80_transfer [0x5651128d38f0] Transfer state 0x0 len 0x0 needed 0x0 pos 0x0 addr 0x0 tx 0x5
m25p80_transfer [0x5651128d38f0] Transfer state 0x5 len 0x1 needed 0x0 pos 0x0 addr 0x0 tx 0xff
m25p80_select [0x5651128d38f0] deselect
m25p80_select [0x5651128d38f0] select
m25p80_transfer [0x5651128d38f0] Transfer state 0x0 len 0x0 needed 0x0 pos 0x0 addr 0x0 tx 0x2
m25p80_transfer [0x5651128d38f0] Transfer state 0x3 len 0x0 needed 0x3 pos 0x0 addr 0x0 tx 0x0
m25p80_transfer [0x5651128d38f0] Transfer state 0x3 len 0x1 needed 0x3 pos 0x0 addr 0x0 tx 0x1
m25p80_transfer [0x5651128d38f0] Transfer state 0x3 len 0x2 needed 0x3 pos 0x0 addr 0x0 tx 0x0
m25p80_transfer [0x5651128d38f0] Transfer state 0x1 len 0x3 needed 0x3 pos 0x0 addr 0x100 tx 0x0
m25p80_select [0x5651128d38f0] deselect
m25p80_select [0x5651128d38f0] select
m25p80_transfer [0x5651128d38f0] Transfer state 0x0 len 0x0 needed 0x3 pos 0x0 addr 0x101 tx 0x3
m25p80_transfer [0x5651128d38f0] Transfer state 0x3 len 0x0 needed 0x3 pos 0x0 addr 0x101 tx 0x0
m25p80_transfer [0x5651128d38f0] Transfer state 0x3 len 0x1 needed 0x3 pos 0x0 addr 0x101 tx 0x1
m25p80_transfer [0x5651128d38f0] Transfer state 0x3 len 0x2 needed 0x3 pos 0x0 addr 0x101 tx 0x0
m25p80_transfer [0x5651128d38f0] Transfer state 0x2 len 0x3 needed 0x3 pos 0x0 addr 0x100 tx 0xff
m25p80_select [0x5651128d38f0] deselect
m25p80_select [0x5651128d38f0] select
m25p80_transfer [0x5651128d38f0] Transfer state 0x0 len 0x0 needed 0x3 pos 0x0 addr 0x101 tx 0x3
m25p80_transfer [0x5651128d38f0] Transfer state 0x3 len 0x0 needed 0x3 pos 0x0 addr 0x101 tx 0x0
m25p80_transfer [0x5651128d38f0] Transfer state 0x3 len 0x1 needed 0x3 pos 0x0 addr 0x101 tx 0x1
m25p80_transfer [0x5651128d38f0] Transfer state 0x3 len 0x2 needed 0x3 pos 0x0 addr 0x101 tx 0x1
m25p80_transfer [0x5651128d38f0] Transfer state 0x2 len 0x3 needed 0x3 pos 0x0 addr 0x101 tx 0xff
m25p80_select [0x5651128d38f0] deselect
m25p80_select [0x5651128d38f0] select
m25p80_transfer [0x5651128d38f0] Transfer state 0x0 len 0x0 needed 0x3 pos 0x0 addr 0x102 tx 0x6
m25p80_select [0x5651128d38f0] deselect
m25p80_select [0x5651128d38f0] select
m25p80_transfer [0x5651128d38f0] Transfer state 0x0 len 0x0 needed 0x3 pos 0x0 addr 0x102 tx 0x5
m25p80_transfer [0x5651128d38f0] Transfer state 0x5 len 0x1 needed 0x3 pos 0x0 addr 0x102 tx 0xff
m25p80_select [0x5651128d38f0] deselect
m25p80_select [0x5651128d38f0] select
m25p80_transfer [0x5651128d38f0] Transfer state 0x0 len 0x0 needed 0x3 pos 0x0 addr 0x102 tx 0x2
m25p80_transfer [0x5651128d38f0] Transfer state 0x3 len 0x0 needed 0x3 pos 0x0 addr 0x102 tx 0x0
m25p80_transfer [0x5651128d38f0] Transfer state 0x3 len 0x1 needed 0x3 pos 0x0 addr 0x102 tx 0x2
m25p80_transfer [0x5651128d38f0] Transfer state 0x3 len 0x2 needed 0x3 pos 0x0 addr 0x102 tx 0x0
m25p80_transfer [0x5651128d38f0] Transfer state 0x1 len 0x3 needed 0x3 pos 0x0 addr 0x200 tx 0x11
m25p80_transfer [0x5651128d38f0] Transfer state 0x1 len 0x3 needed 0x3 pos 0x0 addr 0x201 tx 0x12
m25p80_transfer [0x5651128d38f0] Transfer state 0x1 len 0x3 needed 0x3 pos 0x0 addr 0x202 tx 0x13
m25p80_select [0x5651128d38f0] deselect
m25p80_select [0x5651128d38f0] select
m25p80_transfer [0x5651128d38f0] Transfer state 0x0 len 0x0 needed 0x3 pos 0x0 addr 0x203 tx 0x3
m25p80_transfer [0x5651128d38f0] Transfer state 0x3 len 0x0 needed 0x3 pos 0x0 addr 0x203 tx 0x0
m25p80_transfer [0x5651128d38f0] Transfer state 0x3 len 0x1 needed 0x3 pos 0x0 addr 0x203 tx 0x2
m25p80_transfer [0x5651128d38f0] Transfer state 0x3 len 0x2 needed 0x3 pos 0x0 addr 0x203 tx 0x0
m25p80_transfer [0x5651128d38f0] Transfer state 0x2 len 0x3 needed 0x3 pos 0x0 addr 0x200 tx 0xff
m25p80_transfer [0x5651128d38f0] Transfer state 0x2 len 0x3 needed 0x3 pos 0x0 addr 0x201 tx 0xff
m25p80_transfer [0x5651128d38f0] Transfer state 0x2 len 0x3 needed 0x3 pos 0x0 addr 0x202 tx 0xff
m25p80_select [0x5651128d38f0] deselect
m25p80_select [0x5651128d38f0] select
m25p80_transfer [0x5651128d38f0] Transfer state 0x0 len 0x0 needed 0x3 pos 0x0 addr 0x203 tx 0x3
m25p80_transfer [0x5651128d38f0] Transfer state 0x3 len 0x0 needed 0x3 pos 0x0 addr 0x203 tx 0x0
m25p80_transfer [0x5651128d38f0] Transfer state 0x3 len 0x1 needed 0x3 pos 0x0 addr 0x203 tx 0x2
m25p80_transfer [0x5651128d38f0] Transfer state 0x3 len 0x2 needed 0x3 pos 0x0 addr 0x203 tx 0x3
m25p80_transfer [0x5651128d38f0] Transfer state 0x2 len 0x3 needed 0x3 pos 0x0 addr 0x203 tx 0xff
m25p80_select [0x5651128d38f0] deselect
m25p80_select [0x5651128d38f0] select
m25p80_transfer [0x5651128d38f0] Transfer state 0x0 len 0x0 needed 0x3 pos 0x0 addr 0x204 tx 0x6
m25p80_select [0x5651128d38f0] deselect
m25p80_select [0x5651128d38f0] select
m25p80_transfer [0x5651128d38f0] Transfer state 0x0 len 0x0 needed 0x3 pos 0x0 addr 0x204 tx 0x5
m25p80_transfer [0x5651128d38f0] Transfer state 0x5 len 0x1 needed 0x3 pos 0x0 addr 0x204 tx 0xff
m25p80_select [0x5651128d38f0] deselect
m25p80_select [0x5651128d38f0] select
m25p80_transfer [0x5651128d38f0] Transfer state 0x0 len 0x0 needed 0x3 pos 0x0 addr 0x204 tx 0x2
m25p80_transfer [0x5651128d38f0] Transfer state 0x3 len 0x0 needed 0x3 pos 0x0 addr 0x204 tx 0x0
m25p80_transfer [0x5651128d38f0] Transfer state 0x3 len 0x1 needed 0x3 pos 0x0 addr 0x204 tx 0x3
m25p80_transfer [0x5651128d38f0] Transfer state 0x3 len 0x2 needed 0x3 pos 0x0 addr 0x204 tx 0x0
m25p80_transfer [0x5651128d38f0] Transfer state 0x1 len 0x3 needed 0x3 pos 0x0 addr 0x300 tx 0x22
m25p80_transfer [0x5651128d38f0] Transfer state 0x1 len 0x3 needed 0x3 pos 0x0 addr 0x301 tx 0x23
m25p80_transfer [0x5651128d38f0] Transfer state 0x1 len 0x3 needed 0x3 pos 0x0 addr 0x302 tx 0x24
m25p80_transfer [0x5651128d38f0] Transfer state 0x1 len 0x3 needed 0x3 pos 0x0 addr 0x303 tx 0x25
m25p80_select [0x5651128d38f0] deselect
m25p80_select [0x5651128d38f0] select
m25p80_transfer [0x5651128d38f0] Transfer state 0x0 len 0x0 needed 0x3 pos 0x0 addr 0x304 tx 0x3
m25p80_transfer [0x5651128d38f0] Transfer state 0x3 len 0x0 needed 0x3 pos 0x0 addr 0x304 tx 0x0
m25p80_transfer [0x5651128d38f0] Transfer state 0x3 len 0x1 needed 0x3 pos 0x0 addr 0x304 tx 0x3
m25p80_transfer [0x5651128d38f0] Transfer state 0x3 len 0x2 needed 0x3 pos 0x0 addr 0x304 tx 0x0
m25p80_transfer [0x5651128d38f0] Transfer state 0x2 len 0x3 needed 0x3 pos 0x0 addr 0x300 tx 0xff
m25p80_transfer [0x5651128d38f0] Transfer state 0x2 len 0x3 needed 0x3 pos 0x0 addr 0x301 tx 0xff
m25p80_transfer [0x5651128d38f0] Transfer state 0x2 len 0x3 needed 0x3 pos 0x0 addr 0x302 tx 0xff
m25p80_transfer [0x5651128d38f0] Transfer state 0x2 len 0x3 needed 0x3 pos 0x0 addr 0x303 tx 0xff
m25p80_select [0x5651128d38f0] deselect
m25p80_select [0x5651128d38f0] select
m25p80_transfer [0x5651128d38f0] Transfer state 0x0 len 0x0 needed 0x3 pos 0x0 addr 0x304 tx 0x3
m25p80_transfer [0x5651128d38f0] Transfer state 0x3 len 0x0 needed 0x3 pos 0x0 addr 0x304 tx 0x0
m25p80_transfer [0x5651128d38f0] Transfer state 0x3 len 0x1 needed 0x3 pos 0x0 addr 0x304 tx 0x3
m25p80_transfer [0x5651128d38f0] Transfer state 0x3 len 0x2 needed 0x3 pos 0x0 addr 0x304 tx 0x4
m25p80_transfer [0x5651128d38f0] Transfer state 0x2 len 0x3 needed 0x3 pos 0x0 addr 0x304 tx 0xff
m25p80_select [0x5651128d38f0] deselect
m25p80_select [0x5651128d38f0] select
m25p80_transfer [0x5651128d38f0] Transfer state 0x0 len 0x0 needed 0x3 pos 0x0 addr 0x305 tx 0x6
m25p80_select [0x5651128d38f0] deselect
m25p80_select [0x5651128d38f0] select
m25p80_transfer [0x5651128d38f0] Transfer state 0x0 len 0x0 needed 0x3 pos 0x0 addr 0x305 tx 0x5
m25p80_transfer [0x5651128d38f0] Transfer state 0x5 len 0x1 needed 0x3 pos 0x0 addr 0x305 tx 0xff
m25p80_select [0x5651128d38f0] deselect
m25p80_select [0x5651128d38f0] select
m25p80_transfer [0x5651128d38f0] Transfer state 0x0 len 0x0 needed 0x3 pos 0x0 addr 0x305 tx 0x2
m25p80_transfer [0x5651128d38f0] Transfer state 0x3 len 0x0 needed 0x3 pos 0x0 addr 0x305 tx 0x0
m25p80_transfer [0x5651128d38f0] Transfer state 0x3 len 0x1 needed 0x3 pos 0x0 addr 0x305 tx 0x4
m25p80_transfer [0x5651128d38f0] Transfer state 0x3 len 0x2 needed 0x3 pos 0x0 addr 0x305 tx 0x0
m25p80_transfer [0x5651128d38f0] Transfer state 0x1 len 0x3 needed 0x3 pos 0x0 addr 0x400 tx 0x33
m25p80_transfer [0x5651128d38f0] Transfer state 0x1 len 0x3 needed 0x3 pos 0x0 addr 0x401 tx 0x34
m25p80_transfer [0x5651128d38f0] Transfer state 0x1 len 0x3 needed 0x3 pos 0x0 addr 0x402 tx 0x35
m25p80_transfer [0x5651128d38f0] Transfer state 0x1 len 0x3 needed 0x3 pos 0x0 addr 0x403 tx 0x36
m25p80_transfer [0x5651128d38f0] Transfer state 0x1 len 0x3 needed 0x3 pos 0x0 addr 0x404 tx 0x37
m25p80_select [0x5651128d38f0] deselect
m25p80_select [0x5651128d38f0] select
m25p80_transfer [0x5651128d38f0] Transfer state 0x0 len 0x0 needed 0x3 pos 0x0 addr 0x405 tx 0x3
m25p80_transfer [0x5651128d38f0] Transfer state 0x3 len 0x0 needed 0x3 pos 0x0 addr 0x405 tx 0x0
m25p80_transfer [0x5651128d38f0] Transfer state 0x3 len 0x1 needed 0x3 pos 0x0 addr 0x405 tx 0x4
m25p80_transfer [0x5651128d38f0] Transfer state 0x3 len 0x2 needed 0x3 pos 0x0 addr 0x405 tx 0x0
m25p80_transfer [0x5651128d38f0] Transfer state 0x2 len 0x3 needed 0x3 pos 0x0 addr 0x400 tx 0xff
m25p80_transfer [0x5651128d38f0] Transfer state 0x2 len 0x3 needed 0x3 pos 0x0 addr 0x401 tx 0xff
m25p80_transfer [0x5651128d38f0] Transfer state 0x2 len 0x3 needed 0x3 pos 0x0 addr 0x402 tx 0xff
m25p80_transfer [0x5651128d38f0] Transfer state 0x2 len 0x3 needed 0x3 pos 0x0 addr 0x403 tx 0xff
m25p80_transfer [0x5651128d38f0] Transfer state 0x2 len 0x3 needed 0x3 pos 0x0 addr 0x404 tx 0xff
m25p80_select [0x5651128d38f0] deselect
m25p80_select [0x5651128d38f0] select
m25p80_transfer [0x5651128d38f0] Transfer state 0x0 len 0x0 needed 0x3 pos 0x0 addr 0x405 tx 0x3
m25p80_transfer [0x5651128d38f0] Transfer state 0x3 len 0x0 needed 0x3 pos 0x0 addr 0x405 tx 0x0
m25p80_transfer [0x5651128d38f0] Transfer state 0x3 len 0x1 needed 0x3 pos 0x0 addr 0x405 tx 0x4
m25p80_transfer [0x5651128d38f0] Transfer state 0x3 len 0x2 needed 0x3 pos 0x0 addr 0x405 tx 0x5
m25p80_transfer [0x5651128d38f0] Transfer state 0x2 len 0x3 needed 0x3 pos 0x0 addr 0x405 tx 0xff
m25p80_select [0x5651128d38f0] deselect
m25p80_select [0x5651128d38f0] select
m25p80_transfer [0x5651128d38f0] Transfer state 0x0 len 0x0 needed 0x3 pos 0x0 addr 0x406 tx 0x6
m25p80_select [0x5651128d38f0] deselect
m25p80_select [0x5651128d38f0] select
m25p80_transfer [0x5651128d38f0] Transfer state 0x0 len 0x0 needed 0x3 pos 0x0 addr 0x406 tx 0x5
m25p80_transfer [0x5651128d38f0] Transfer state 0x5 len 0x1 needed 0x3 pos 0x0 addr 0x406 tx 0xff
m25p80_select [0x5651128d38f0] deselect
m25p80_select [0x5651128d38f0] select
m25p80_transfer [0x5651128d38f0] Transfer state 0x0 len 0x0 needed 0x3 pos 0x0 addr 0x406 tx 0x2
m25p80_transfer [0x5651128d38f0] Transfer state 0x3 len 0x0 needed 0x3 pos 0x0 addr 0x406 tx 0x0
m25p80_transfer [0x5651128d38f0] Transfer state 0x3 len 0x1 needed 0x3 pos 0x0 addr 0x406 tx 0x5
m25p80_transfer [0x5651128d38f0] Transfer state 0x3 len 0x2 needed 0x3 pos 0x0 addr 0x406 tx 0x0
m25p80_transfer [0x5651128d38f0] Transfer state 0x1 len 0x3 needed 0x3 pos 0x0 addr 0x500 tx 0x44
m25p80_transfer [0x5651128d38f0] Transfer state 0x1 len 0x3 needed 0x3 pos 0x0 addr 0x501 tx 0x45
m25p80_transfer [0x5651128d38f0] Transfer state 0x1 len 0x3 needed 0x3 pos 0x0 addr 0x502 tx 0x46
m25p80_transfer [0x5651128d38f0] Transfer state 0x1 len 0x3 needed 0x3 pos 0x0 addr 0x503 tx 0x47
m25p80_transfer [0x5651128d38f0] Transfer state 0x1 len 0x3 needed 0x3 pos 0x0 addr 0x504 tx 0x48
m25p80_transfer [0x5651128d38f0] Transfer state 0x1 len 0x3 needed 0x3 pos 0x0 addr 0x505 tx 0x49
m25p80_transfer [0x5651128d38f0] Transfer state 0x1 len 0x3 needed 0x3 pos 0x0 addr 0x506 tx 0x4a
m25p80_transfer [0x5651128d38f0] Transfer state 0x1 len 0x3 needed 0x3 pos 0x0 addr 0x507 tx 0x4b
m25p80_transfer [0x5651128d38f0] Transfer state 0x1 len 0x3 needed 0x3 pos 0x0 addr 0x508 tx 0x4c
m25p80_transfer [0x5651128d38f0] Transfer state 0x1 len 0x3 needed 0x3 pos 0x0 addr 0x509 tx 0x4d
m25p80_transfer [0x5651128d38f0] Transfer state 0x1 len 0x3 needed 0x3 pos 0x0 addr 0x50a tx 0x4e
m25p80_transfer [0x5651128d38f0] Transfer state 0x1 len 0x3 needed 0x3 pos 0x0 addr 0x50b tx 0x4f
m25p80_transfer [0x5651128d38f0] Transfer state 0x1 len 0x3 needed 0x3 pos 0x0 addr 0x50c tx 0x50
m25p80_transfer [0x5651128d38f0] Transfer state 0x1 len 0x3 needed 0x3 pos 0x0 addr 0x50d tx 0x51
m25p80_transfer [0x5651128d38f0] Transfer state 0x1 len 0x3 needed 0x3 pos 0x0 addr 0x50e tx 0x52
m25p80_transfer [0x5651128d38f0] Transfer state 0x1 len 0x3 needed 0x3 pos 0x0 addr 0x50f tx 0x53
m25p80_transfer [0x5651128d38f0] Transfer state 0x1 len 0x3 needed 0x3 pos 0x0 addr 0x510 tx 0x54
m25p80_transfer [0x5651128d38f0] Transfer state 0x1 len 0x3 needed 0x3 pos 0x0 addr 0x511 tx 0x55
m25p80_transfer [0x5651128d38f0] Transfer state 0x1 len 0x3 needed 0x3 pos 0x0 addr 0x512 tx 0x56
m25p80_transfer [0x5651128d38f0] Transfer state 0x1 len 0x3 needed 0x3 pos 0x0 addr 0x513 tx 0x57
m25p80_transfer [0x5651128d38f0] Transfer state 0x1 len 0x3 needed 0x3 pos 0x0 addr 0x514 tx 0x58
m25p80_transfer [0x5651128d38f0] Transfer state 0x1 len 0x3 needed 0x3 pos 0x0 addr 0x515 tx 0x59
m25p80_transfer [0x5651128d38f0] Transfer state 0x1 len 0x3 needed 0x3 pos 0x0 addr 0x516 tx 0x5a
m25p80_transfer [0x5651128d38f0] Transfer state 0x1 len 0x3 needed 0x3 pos 0x0 addr 0x517 tx 0x5b
m25p80_transfer [0x5651128d38f0] Transfer state 0x1 len 0x3 needed 0x3 pos 0x0 addr 0x518 tx 0x5c
m25p80_transfer [0x5651128d38f0] Transfer state 0x1 len 0x3 needed 0x3 pos 0x0 addr 0x519 tx 0x5d
m25p80_transfer [0x5651128d38f0] Transfer state 0x1 len 0x3 needed 0x3 pos 0x0 addr 0x51a tx 0x5e
m25p80_transfer [0x5651128d38f0] Transfer state 0x1 len 0x3 needed 0x3 pos 0x0 addr 0x51b tx 0x5f
m25p80_transfer [0x5651128d38f0] Transfer state 0x1 len 0x3 needed 0x3 pos 0x0 addr 0x51c tx 0x60
m25p80_transfer [0x5651128d38f0] Transfer state 0x1 len 0x3 needed 0x3 pos 0x0 addr 0x51d tx 0x61
m25p80_transfer [0x5651128d38f0] Transfer state 0x1 len 0x3 needed 0x3 pos 0x0 addr 0x51e tx 0x62
m25p80_select [0x5651128d38f0] deselect
m25p80_select [0x5651128d38f0] select
m25p80_transfer [0x5651128d38f0] Transfer state 0x0 len 0x0 needed 0x3 pos 0x0 addr 0x51f tx 0x3
m25p80_transfer [0x5651128d38f0] Transfer state 0x3 len 0x0 needed 0x3 pos 0x0 addr 0x51f tx 0x0
m25p80_transfer [0x5651128d38f0] Transfer state 0x3 len 0x1 needed 0x3 pos 0x0 addr 0x51f tx 0x5
m25p80_transfer [0x5651128d38f0] Transfer state 0x3 len 0x2 needed 0x3 pos 0x0 addr 0x51f tx 0x0
m25p80_transfer [0x5651128d38f0] Transfer state 0x2 len 0x3 needed 0x3 pos 0x0 addr 0x500 tx 0xff
m25p80_transfer [0x5651128d38f0] Transfer state 0x2 len 0x3 needed 0x3 pos 0x0 addr 0x501 tx 0xff
m25p80_transfer [0x5651128d38f0] Transfer state 0x2 len 0x3 needed 0x3 pos 0x0 addr 0x502 tx 0xff
m25p80_transfer [0x5651128d38f0] Transfer state 0x2 len 0x3 needed 0x3 pos 0x0 addr 0x503 tx 0xff
m25p80_transfer [0x5651128d38f0] Transfer state 0x2 len 0x3 needed 0x3 pos 0x0 addr 0x504 tx 0xff
m25p80_transfer [0x5651128d38f0] Transfer state 0x2 len 0x3 needed 0x3 pos 0x0 addr 0x505 tx 0xff
m25p80_transfer [0x5651128d38f0] Transfer state 0x2 len 0x3 needed 0x3 pos 0x0 addr 0x506 tx 0xff
m25p80_transfer [0x5651128d38f0] Transfer state 0x2 len 0x3 needed 0x3 pos 0x0 addr 0x507 tx 0xff
m25p80_transfer [0x5651128d38f0] Transfer state 0x2 len 0x3 needed 0x3 pos 0x0 addr 0x508 tx 0xff
m25p80_transfer [0x5651128d38f0] Transfer state 0x2 len 0x3 needed 0x3 pos 0x0 addr 0x509 tx 0xff
m25p80_transfer [0x5651128d38f0] Transfer state 0x2 len 0x3 needed 0x3 pos 0x0 addr 0x50a tx 0xff
m25p80_transfer [0x5651128d38f0] Transfer state 0x2 len 0x3 needed 0x3 pos 0x0 addr 0x50b tx 0xff
m25p80_transfer [0x5651128d38f0] Transfer state 0x2 len 0x3 needed 0x3 pos 0x0 addr 0x50c tx 0xff
m25p80_transfer [0x5651128d38f0] Transfer state 0x2 len 0x3 needed 0x3 pos 0x0 addr 0x50d tx 0xff
m25p80_transfer [0x5651128d38f0] Transfer state 0x2 len 0x3 needed 0x3 pos 0x0 addr 0x50e tx 0xff
m25p80_transfer [0x5651128d38f0] Transfer state 0x2 len 0x3 needed 0x3 pos 0x0 addr 0x50f tx 0xff
m25p80_transfer [0x5651128d38f0] Transfer state 0x2 len 0x3 needed 0x3 pos 0x0 addr 0x510 tx 0xff
m25p80_transfer [0x5651128d38f0] Transfer state 0x2 len 0x3 needed 0x3 pos 0x0 addr 0x511 tx 0xff
m25p80_transfer [0x5651128d38f0] Transfer state 0x2 len 0x3 needed 0x3 pos 0x0 addr 0x512 tx 0xff
m25p80_transfer [0x5651128d38f0] Transfer state 0x2 len 0x3 needed 0x3 pos 0x0 addr 0x513 tx 0xff
m25p80_transfer [0x5651128d38f0] Transfer state 0x2 len 0x3 needed 0x3 pos 0x0 addr 0x514 tx 0xff
m25p80_transfer [0x5651128d38f0] Transfer state 0x2 len 0x3 needed 0x3 pos 0x0 addr 0x515 tx 0xff
m25p80_transfer [0x5651128d38f0] Transfer state 0x2 len 0x3 needed 0x3 pos 0x0 addr 0x516 tx 0xff
m25p80_transfer [0x5651128d38f0] Transfer state 0x2 len 0x3 needed 0x3 pos 0x0 addr 0x517 tx 0xff
m25p80_transfer [0x5651128d38f0] Transfer state 0x2 len 0x3 needed 0x3 pos 0x0 addr 0x518 tx 0xff
m25p80_transfer [0x5651128d38f0] Transfer state 0x2 len 0x3 needed 0x3 pos 0x0 addr 0x519 tx 0xff
m25p80_transfer [0x5651128d38f0] Transfer state 0x2 len 0x3 needed 0x3 pos 0x0 addr 0x51a tx 0xff
m25p80_transfer [0x5651128d38f0] Transfer state 0x2 len 0x3 needed 0x3 pos 0x0 addr 0x51b tx 0xff
m25p80_transfer [0x5651128d38f0] Transfer state 0x2 len 0x3 needed 0x3 pos 0x0 addr 0x51c tx 0xff
m25p80_transfer [0x5651128d38f0] Transfer state 0x2 len 0x3 needed 0x3 pos 0x0 addr 0x51d tx 0xff
m25p80_transfer [0x5651128d38f0] Transfer state 0x2 len 0x3 needed 0x3 pos 0x0 addr 0x51e tx 0xff
m25p80_select [0x5651128d38f0] deselect
m25p80_select [0x5651128d38f0] select
m25p80_transfer [0x5651128d38f0] Transfer state 0x0 len 0x0 needed 0x3 pos 0x0 addr 0x51f tx 0x3
m25p80_transfer [0x5651128d38f0] Transfer state 0x3 len 0x0 needed 0x3 pos 0x0 addr 0x51f tx 0x0
m25p80_transfer [0x5651128d38f0] Transfer state 0x3 len 0x1 needed 0x3 pos 0x0 addr 0x51f tx 0x5
m25p80_transfer [0x5651128d38f0] Transfer state 0x3 len 0x2 needed 0x3 pos 0x0 addr 0x51f tx 0x1f
m25p80_transfer [0x5651128d38f0] Transfer state 0x2 len 0x3 needed 0x3 pos 0x0 addr 0x51f tx 0xff
m25p80_select [0x5651128d38f0] deselect
m25p80_select [0x5651128d38f0] select
m25p80_transfer [0x5651128d38f0] Transfer state 0x0 len 0x0 needed 0x3 pos 0x0 addr 0x520 tx 0x6
m25p80_select [0x5651128d38f0] deselect
m25p80_select [0x5651128d38f0] select
m25p80_transfer [0x5651128d38f0] Transfer state 0x0 len 0x0 needed 0x3 pos 0x0 addr 0x520 tx 0x5
m25p80_transfer [0x5651128d38f0] Transfer state 0x5 len 0x1 needed 0x3 pos 0x0 addr 0x520 tx 0xff
m25p80_select [0x5651128d38f0] deselect
m25p80_select [0x5651128d38f0] select
m25p80_transfer [0x5651128d38f0] Transfer state 0x0 len 0x0 needed 0x3 pos 0x0 addr 0x520 tx 0x2
m25p80_transfer [0x5651128d38f0] Transfer state 0x3 len 0x0 needed 0x3 pos 0x0 addr 0x520 tx 0x0
m25p80_transfer [0x5651128d38f0] Transfer state 0x3 len 0x1 needed 0x3 pos 0x0 addr 0x520 tx 0x6
m25p80_transfer [0x5651128d38f0] Transfer state 0x3 len 0x2 needed 0x3 pos 0x0 addr 0x520 tx 0x0
m25p80_transfer [0x5651128d38f0] Transfer state 0x1 len 0x3 needed 0x3 pos 0x0 addr 0x600 tx 0x55
m25p80_transfer [0x5651128d38f0] Transfer state 0x1 len 0x3 needed 0x3 pos 0x0 addr 0x601 tx 0x56
m25p80_transfer [0x5651128d38f0] Transfer state 0x1 len 0x3 needed 0x3 pos 0x0 addr 0x602 tx 0x57
m25p80_transfer [0x5651128d38f0] Transfer state 0x1 len 0x3 needed 0x3 pos 0x0 addr 0x603 tx 0x58
m25p80_transfer [0x5651128d38f0] Transfer state 0x1 len 0x3 needed 0x3 pos 0x0 addr 0x604 tx 0x59
m25p80_transfer [0x5651128d38f0] Transfer state 0x1 len 0x3 needed 0x3 pos 0x0 addr 0x605 tx 0x5a
m25p80_transfer [0x5651128d38f0] Transfer state 0x1 len 0x3 needed 0x3 pos 0x0 addr 0x606 tx 0x5b
m25p80_transfer [0x5651128d38f0] Transfer state 0x1 len 0x3 needed 0x3 pos 0x0 addr 0x607 tx 0x5c
m25p80_transfer [0x5651128d38f0] Transfer state 0x1 len 0x3 needed 0x3 pos 0x0 addr 0x608 tx 0x5d
m25p80_transfer [0x5651128d38f0] Transfer state 0x1 len 0x3 needed 0x3 pos 0x0 addr 0x609 tx 0x5e
m25p80_transfer [0x5651128d38f0] Transfer state 0x1 len 0x3 needed 0x3 pos 0x0 addr 0x60a tx 0x5f
m25p80_transfer [0x5651128d38f0] Transfer state 0x1 len 0x3 needed 0x3 pos 0x0 addr 0x60b tx 0x60
m25p80_transfer [0x5651128d38f0] Transfer state 0x1 len 0x3 needed 0x3 pos 0x0 addr 0x60c tx 0x61
m25p80_transfer [0x5651128d38f0] Transfer state 0x1 len 0x3 needed 0x3 pos 0x0 addr 0x60d tx 0x62
m25p80_transfer [0x5651128d38f0] Transfer state 0x1 len 0x3 needed 0x3 pos 0x0 addr 0x60e tx 0x63
m25p80_transfer [0x5651128d38f0] Transfer state 0x1 len 0x3 needed 0x3 pos 0x0 addr 0x60f tx 0x64
m25p80_transfer [0x5651128d38f0] Transfer state 0x1 len 0x3 needed 0x3 pos 0x0 addr 0x610 tx 0x65
m25p80_transfer [0x5651128d38f0] Transfer state 0x1 len 0x3 needed 0x3 pos 0x0 addr 0x611 tx 0x66
m25p80_transfer [0x5651128d38f0] Transfer state 0x1 len 0x3 needed 0x3 pos 0x0 addr 0x612 tx 0x67
m25p80_transfer [0x5651128d38f0] Transfer state 0x1 len 0x3 needed 0x3 pos 0x0 addr 0x613 tx 0x68
m25p80_transfer [0x5651128d38f0] Transfer state 0x1 len 0x3 needed 0x3 pos 0x0 addr 0x614 tx 0x69
m25p80_transfer [0x5651128d38f0] Transfer state 0x1 len 0x3 needed 0x3 pos 0x0 addr 0x615 tx 0x6a
m25p80_transfer [0x5651128d38f0] Transfer state 0x1 len 0x3 needed 0x3 pos 0x0 addr 0x616 tx 0x6b
m25p80_transfer [0x5651128d38f0] Transfer state 0x1 len 0x3 needed 0x3 pos 0x0 addr 0x617 tx 0x6c
m25p80_transfer [0x5651128d38f0] Transfer state 0x1 len 0x3 needed 0x3 pos 0x0 addr 0x618 tx 0x6d
m25p80_transfer [0x5651128d38f0] Transfer state 0x1 len 0x3 needed 0x3 pos 0x0 addr 0x619 tx 0x6e
m25p80_transfer [0x5651128d38f0] Transfer state 0x1 len 0x3 needed 0x3 pos 0x0 addr 0x61a tx 0x6f
m25p80_transfer [0x5651128d38f0] Transfer state 0x1 len 0x3 needed 0x3 pos 0x0 addr 0x61b tx 0x70
m25p80_transfer [0x5651128d38f0] Transfer state 0x1 len 0x3 needed 0x3 pos 0x0 addr 0x61c tx 0x71
m25p80_transfer [0x5651128d38f0] Transfer state 0x1 len 0x3 needed 0x3 pos 0x0 addr 0x61d tx 0x72
m25p80_transfer [0x5651128d38f0] Transfer state 0x1 len 0x3 needed 0x3 pos 0x0 addr 0x61e tx 0x73
m25p80_transfer [0x5651128d38f0] Transfer state 0x1 len 0x3 needed 0x3 pos 0x0 addr 0x61f tx 0x74
m25p80_select [0x5651128d38f0] deselect
m25p80_select [0x5651128d38f0] select
m25p80_transfer [0x5651128d38f0] Transfer state 0x0 len 0x0 needed 0x3 pos 0x0 addr 0x620 tx 0x3
m25p80_transfer [0x5651128d38f0] Transfer state 0x3 len 0x0 needed 0x3 pos 0x0 addr 0x620 tx 0x0
m25p80_transfer [0x5651128d38f0] Transfer state 0x3 len 0x1 needed 0x3 pos 0x0 addr 0x620 tx 0x6
m25p80_transfer [0x5651128d38f0] Transfer state 0x3 len 0x2 needed 0x3 pos 0x0 addr 0x620 tx 0x0
m25p80_transfer [0x5651128d38f0] Transfer state 0x2 len 0x3 needed 0x3 pos 0x0 addr 0x600 tx 0xff
m25p80_transfer [0x5651128d38f0] Transfer state 0x2 len 0x3 needed 0x3 pos 0x0 addr 0x601 tx 0xff
m25p80_transfer [0x5651128d38f0] Transfer state 0x2 len 0x3 needed 0x3 pos 0x0 addr 0x602 tx 0xff
m25p80_transfer [0x5651128d38f0] Transfer state 0x2 len 0x3 needed 0x3 pos 0x0 addr 0x603 tx 0xff
m25p80_transfer [0x5651128d38f0] Transfer state 0x2 len 0x3 needed 0x3 pos 0x0 addr 0x604 tx 0xff
m25p80_transfer [0x5651128d38f0] Transfer state 0x2 len 0x3 needed 0x3 pos 0x0 addr 0x605 tx 0xff
m25p80_transfer [0x5651128d38f0] Transfer state 0x2 len 0x3 needed 0x3 pos 0x0 addr 0x606 tx 0xff
m25p80_transfer [0x5651128d38f0] Transfer state 0x2 len 0x3 needed 0x3 pos 0x0 addr 0x607 tx 0xff
m25p80_transfer [0x5651128d38f0] Transfer state 0x2 len 0x3 needed 0x3 pos 0x0 addr 0x608 tx 0xff
m25p80_transfer [0x5651128d38f0] Transfer state 0x2 len 0x3 needed 0x3 pos 0x0 addr 0x609 tx 0xff
m25p80_transfer [0x5651128d38f0] Transfer state 0x2 len 0x3 needed 0x3 pos 0x0 addr 0x60a tx 0xff
m25p80_transfer [0x5651128d38f0] Transfer state 0x2 len 0x3 needed 0x3 pos 0x0 addr 0x60b tx 0xff
m25p80_transfer [0x5651128d38f0] Transfer state 0x2 len 0x3 needed 0x3 pos 0x0 addr 0x60c tx 0xff
m25p80_transfer [0x5651128d38f0] Transfer state 0x2 len 0x3 needed 0x3 pos 0x0 addr 0x60d tx 0xff
m25p80_transfer [0x5651128d38f0] Transfer state 0x2 len 0x3 needed 0x3 pos 0x0 addr 0x60e tx 0xff
m25p80_transfer [0x5651128d38f0] Transfer state 0x2 len 0x3 needed 0x3 pos 0x0 addr 0x60f tx 0xff
m25p80_transfer [0x5651128d38f0] Transfer state 0x2 len 0x3 needed 0x3 pos 0x0 addr 0x610 tx 0xff
m25p80_transfer [0x5651128d38f0] Transfer state 0x2 len 0x3 needed 0x3 pos 0x0 addr 0x611 tx 0xff
m25p80_transfer [0x5651128d38f0] Transfer state 0x2 len 0x3 needed 0x3 pos 0x0 addr 0x612 tx 0xff
m25p80_transfer [0x5651128d38f0] Transfer state 0x2 len 0x3 needed 0x3 pos 0x0 addr 0x613 tx 0xff
m25p80_transfer [0x5651128d38f0] Transfer state 0x2 len 0x3 needed 0x3 pos 0x0 addr 0x614 tx 0xff
m25p80_transfer [0x5651128d38f0] Transfer state 0x2 len 0x3 needed 0x3 pos 0x0 addr 0x615 tx 0xff
m25p80_transfer [0x5651128d38f0] Transfer state 0x2 len 0x3 needed 0x3 pos 0x0 addr 0x616 tx 0xff
m25p80_transfer [0x5651128d38f0] Transfer state 0x2 len 0x3 needed 0x3 pos 0x0 addr 0x617 tx 0xff
m25p80_transfer [0x5651128d38f0] Transfer state 0x2 len 0x3 needed 0x3 pos 0x0 addr 0x618 tx 0xff
m25p80_transfer [0x5651128d38f0] Transfer state 0x2 len 0x3 needed 0x3 pos 0x0 addr 0x619 tx 0xff
m25p80_transfer [0x5651128d38f0] Transfer state 0x2 len 0x3 needed 0x3 pos 0x0 addr 0x61a tx 0xff
m25p80_transfer [0x5651128d38f0] Transfer state 0x2 len 0x3 needed 0x3 pos 0x0 addr 0x61b tx 0xff
m25p80_transfer [0x5651128d38f0] Transfer state 0x2 len 0x3 needed 0x3 pos 0x0 addr 0x61c tx 0xff
m25p80_transfer [0x5651128d38f0] Transfer state 0x2 len 0x3 needed 0x3 pos 0x0 addr 0x61d tx 0xff
m25p80_transfer [0x5651128d38f0] Transfer state 0x2 len 0x3 needed 0x3 pos 0x0 addr 0x61e tx 0xff
m25p80_transfer [0x5651128d38f0] Transfer state 0x2 len 0x3 needed 0x3 pos 0x0 addr 0x61f tx 0xff
m25p80_select [0x5651128d38f0] deselect
m25p80_select [0x5651128d38f0] select
m25p80_transfer [0x5651128d38f0] Transfer state 0x0 len 0x0 needed 0x3 pos 0x0 addr 0x620 tx 0x3
m25p80_transfer [0x5651128d38f0] Transfer state 0x3 len 0x0 needed 0x3 pos 0x0 addr 0x620 tx 0x0
m25p80_transfer [0x5651128d38f0] Transfer state 0x3 len 0x1 needed 0x3 pos 0x0 addr 0x620 tx 0x6
m25p80_transfer [0x5651128d38f0] Transfer state 0x3 len 0x2 needed 0x3 pos 0x0 addr 0x620 tx 0x20
m25p80_transfer [0x5651128d38f0] Transfer state 0x2 len 0x3 needed 0x3 pos 0x0 addr 0x620 tx 0xff
m25p80_select [0x5651128d38f0] deselect
m25p80_select [0x565112fa7400] select
m25p80_transfer [0x565112fa7400] Transfer state 0x0 len 0x0 needed 0x0 pos 0x0 addr 0x0 tx 0x9f
m25p80_transfer [0x565112fa7400] Transfer state 0x5 len 0x6 needed 0x0 pos 0x0 addr 0x0 tx 0xff
m25p80_transfer [0x565112fa7400] Transfer state 0x5 len 0x6 needed 0x0 pos 0x1 addr 0x0 tx 0xff
m25p80_transfer [0x565112fa7400] Transfer state 0x5 len 0x6 needed 0x0 pos 0x2 addr 0x0 tx 0xff
m25p80_select [0x565112fa7400] deselect
m25p80_select [0x565112fa7400] select
m25p80_transfer [0x565112fa7400] Transfer state 0x0 len 0x0 needed 0x0 pos 0x0 addr 0x0 tx 0x5
m25p80_transfer [0x565112fa7400] Transfer state 0x5 len 0x1 needed 0x0 pos 0x0 addr 0x0 tx 0xff
m25p80_select [0x565112fa7400] deselect
m25p80_select [0x565112fa7400] select
m25p80_transfer [0x565112fa7400] Transfer state 0x0 len 0x0 needed 0x0 pos 0x0 addr 0x0 tx 0x6
m25p80_select [0x565112fa7400] deselect
m25p80_select [0x565112fa7400] select
m25p80_transfer [0x565112fa7400] Transfer state 0x0 len 0x0 needed 0x0 pos 0x0 addr 0x0 tx 0x5
m25p80_transfer [0x565112fa7400] Transfer state 0x5 len 0x1 needed 0x0 pos 0x0 addr 0x0 tx 0xff
m25p80_select [0x565112fa7400] deselect
m25p80_select [0x565112fa7400] select
m25p80_transfer [0x565112fa7400] Transfer state 0x0 len 0x0 needed 0x0 pos 0x0 addr 0x0 tx 0x2
m25p80_transfer [0x565112fa7400] Transfer state 0x3 len 0x0 needed 0x3 pos 0x0 addr 0x0 tx 0x0
m25p80_transfer [0x565112fa7400] Transfer state 0x3 len 0x1 needed 0x3 pos 0x0 addr 0x0 tx 0x1
m25p80_transfer [0x565112fa7400] Transfer state 0x3 len 0x2 needed 0x3 pos 0x0 addr 0x0 tx 0x0
m25p80_transfer [0x565112fa7400] Transfer state 0x1 len 0x3 needed 0x3 pos 0x0 addr 0x100 tx 0x53
m25p80_select [0x565112fa7400] deselect
m25p80_select [0x565112fa7400] select
m25p80_transfer [0x565112fa7400] Transfer state 0x0 len 0x0 needed 0x3 pos 0x0 addr 0x101 tx 0x3
m25p80_transfer [0x565112fa7400] Transfer state 0x3 len 0x0 needed 0x3 pos 0x0 addr 0x101 tx 0x0
m25p80_transfer [0x565112fa7400] Transfer state 0x3 len 0x1 needed 0x3 pos 0x0 addr 0x101 tx 0x1
m25p80_transfer [0x565112fa7400] Transfer state 0x3 len 0x2 needed 0x3 pos 0x0 addr 0x101 tx 0x0
m25p80_transfer [0x565112fa7400] Transfer state 0x2 len 0x3 needed 0x3 pos 0x0 addr 0x100 tx 0xff
m25p80_select [0x565112fa7400] deselect
m25p80_select [0x565112fa7400] select
m25p80_transfer [0x565112fa7400] Transfer state 0x0 len 0x0 needed 0x3 pos 0x0 addr 0x101 tx 0x3
m25p80_transfer [0x565112fa7400] Transfer state 0x3 len 0x0 needed 0x3 pos 0x0 addr 0x101 tx 0x0
m25p80_transfer [0x565112fa7400] Transfer state 0x3 len 0x1 needed 0x3 pos 0x0 addr 0x101 tx 0x1
m25p80_transfer [0x565112fa7400] Transfer state 0x3 len 0x2 needed 0x3 pos 0x0 addr 0x101 tx 0x1
m25p80_transfer [0x565112fa7400] Transfer state 0x2 len 0x3 needed 0x3 pos 0x0 addr 0x101 tx 0xff
m25p80_select [0x565112fa7400] deselect
m25p80_select [0x565112fa7400] select
m25p80_transfer [0x565112fa7400] Transfer state 0x0 len 0x0 needed 0x3 pos 0x0 addr 0x102 tx 0x6
m25p80_select [0x565112fa7400] deselect
m25p80_select [0x565112fa7400] select
m25p80_transfer [0x565112fa7400] Transfer state 0x0 len 0x0 needed 0x3 pos 0x0 addr 0x102 tx 0x5
m25p80_transfer [0x565112fa7400] Transfer state 0x5 len 0x1 needed 0x3 pos 0x0 addr 0x102 tx 0xff
m25p80_select [0x565112fa7400] deselect
m25p80_select [0x565112fa7400] select
m25p80_transfer [0x565112fa7400] Transfer state 0x0 len 0x0 needed 0x3 pos 0x0 addr 0x102 tx 0x2
m25p80_transfer [0x565112fa7400] Transfer state 0x3 len 0x0 needed 0x3 pos 0x0 addr 0x102 tx 0x0
m25p80_transfer [0x565112fa7400] Transfer state 0x3 len 0x1 needed 0x3 pos 0x0 addr 0x102 tx 0x2
m25p80_transfer [0x565112fa7400] Transfer state 0x3 len 0x2 needed 0x3 pos 0x0 addr 0x102 tx 0x0
m25p80_transfer [0x565112fa7400] Transfer state 0x1 len 0x3 needed 0x3 pos 0x0 addr 0x200 tx 0x64
m25p80_transfer [0x565112fa7400] Transfer state 0x1 len 0x3 needed 0x3 pos 0x0 addr 0x201 tx 0x65
m25p80_transfer [0x565112fa7400] Transfer state 0x1 len 0x3 needed 0x3 pos 0x0 addr 0x202 tx 0x66
m25p80_select [0x565112fa7400] deselect
m25p80_select [0x565112fa7400] select
m25p80_transfer [0x565112fa7400] Transfer state 0x0 len 0x0 needed 0x3 pos 0x0 addr 0x203 tx 0x3
m25p80_transfer [0x565112fa7400] Transfer state 0x3 len 0x0 needed 0x3 pos 0x0 addr 0x203 tx 0x0
m25p80_transfer [0x565112fa7400] Transfer state 0x3 len 0x1 needed 0x3 pos 0x0 addr 0x203 tx 0x2
m25p80_transfer [0x565112fa7400] Transfer state 0x3 len 0x2 needed 0x3 pos 0x0 addr 0x203 tx 0x0
m25p80_transfer [0x565112fa7400] Transfer state 0x2 len 0x3 needed 0x3 pos 0x0 addr 0x200 tx 0xff
m25p80_transfer [0x565112fa7400] Transfer state 0x2 len 0x3 needed 0x3 pos 0x0 addr 0x201 tx 0xff
m25p80_transfer [0x565112fa7400] Transfer state 0x2 len 0x3 needed 0x3 pos 0x0 addr 0x202 tx 0xff
m25p80_select [0x565112fa7400] deselect
m25p80_select [0x565112fa7400] select
m25p80_transfer [0x565112fa7400] Transfer state 0x0 len 0x0 needed 0x3 pos 0x0 addr 0x203 tx 0x3
m25p80_transfer [0x565112fa7400] Transfer state 0x3 len 0x0 needed 0x3 pos 0x0 addr 0x203 tx 0x0
m25p80_transfer [0x565112fa7400] Transfer state 0x3 len 0x1 needed 0x3 pos 0x0 addr 0x203 tx 0x2
m25p80_transfer [0x565112fa7400] Transfer state 0x3 len 0x2 needed 0x3 pos 0x0 addr 0x203 tx 0x3
m25p80_transfer [0x565112fa7400] Transfer state 0x2 len 0x3 needed 0x3 pos 0x0 addr 0x203 tx 0xff
m25p80_select [0x565112fa7400] deselect
m25p80_select [0x565112fa7400] select
m25p80_transfer [0x565112fa7400] Transfer state 0x0 len 0x0 needed 0x3 pos 0x0 addr 0x204 tx 0x6
m25p80_select [0x565112fa7400] deselect
m25p80_select [0x565112fa7400] select
m25p80_transfer [0x565112fa7400] Transfer state 0x0 len 0x0 needed 0x3 pos 0x0 addr 0x204 tx 0x5
m25p80_transfer [0x565112fa7400] Transfer state 0x5 len 0x1 needed 0x3 pos 0x0 addr 0x204 tx 0xff
m25p80_select [0x565112fa7400] deselect
m25p80_select [0x565112fa7400] select
m25p80_transfer [0x565112fa7400] Transfer state 0x0 len 0x0 needed 0x3 pos 0x0 addr 0x204 tx 0x2
m25p80_transfer [0x565112fa7400] Transfer state 0x3 len 0x0 needed 0x3 pos 0x0 addr 0x204 tx 0x0
m25p80_transfer [0x565112fa7400] Transfer state 0x3 len 0x1 needed 0x3 pos 0x0 addr 0x204 tx 0x3
m25p80_transfer [0x565112fa7400] Transfer state 0x3 len 0x2 needed 0x3 pos 0x0 addr 0x204 tx 0x0
m25p80_transfer [0x565112fa7400] Transfer state 0x1 len 0x3 needed 0x3 pos 0x0 addr 0x300 tx 0x75
m25p80_transfer [0x565112fa7400] Transfer state 0x1 len 0x3 needed 0x3 pos 0x0 addr 0x301 tx 0x76
m25p80_transfer [0x565112fa7400] Transfer state 0x1 len 0x3 needed 0x3 pos 0x0 addr 0x302 tx 0x77
m25p80_transfer [0x565112fa7400] Transfer state 0x1 len 0x3 needed 0x3 pos 0x0 addr 0x303 tx 0x78
m25p80_select [0x565112fa7400] deselect
m25p80_select [0x565112fa7400] select
m25p80_transfer [0x565112fa7400] Transfer state 0x0 len 0x0 needed 0x3 pos 0x0 addr 0x304 tx 0x3
m25p80_transfer [0x565112fa7400] Transfer state 0x3 len 0x0 needed 0x3 pos 0x0 addr 0x304 tx 0x0
m25p80_transfer [0x565112fa7400] Transfer state 0x3 len 0x1 needed 0x3 pos 0x0 addr 0x304 tx 0x3
m25p80_transfer [0x565112fa7400] Transfer state 0x3 len 0x2 needed 0x3 pos 0x0 addr 0x304 tx 0x0
m25p80_transfer [0x565112fa7400] Transfer state 0x2 len 0x3 needed 0x3 pos 0x0 addr 0x300 tx 0xff
m25p80_transfer [0x565112fa7400] Transfer state 0x2 len 0x3 needed 0x3 pos 0x0 addr 0x301 tx 0xff
m25p80_transfer [0x565112fa7400] Transfer state 0x2 len 0x3 needed 0x3 pos 0x0 addr 0x302 tx 0xff
m25p80_transfer [0x565112fa7400] Transfer state 0x2 len 0x3 needed 0x3 pos 0x0 addr 0x303 tx 0xff
m25p80_select [0x565112fa7400] deselect
m25p80_select [0x565112fa7400] select
m25p80_transfer [0x565112fa7400] Transfer state 0x0 len 0x0 needed 0x3 pos 0x0 addr 0x304 tx 0x3
m25p80_transfer [0x565112fa7400] Transfer state 0x3 len 0x0 needed 0x3 pos 0x0 addr 0x304 tx 0x0
m25p80_transfer [0x565112fa7400] Transfer state 0x3 len 0x1 needed 0x3 pos 0x0 addr 0x304 tx 0x3
m25p80_transfer [0x565112fa7400] Transfer state 0x3 len 0x2 needed 0x3 pos 0x0 addr 0x304 tx 0x4
m25p80_transfer [0x565112fa7400] Transfer state 0x2 len 0x3 needed 0x3 pos 0x0 addr 0x304 tx 0xff
m25p80_select [0x565112fa7400] deselect
m25p80_select [0x565112fa7400] select
m25p80_transfer [0x565112fa7400] Transfer state 0x0 len 0x0 needed 0x3 pos 0x0 addr 0x305 tx 0x6
m25p80_select [0x565112fa7400] deselect
m25p80_select [0x565112fa7400] select
m25p80_transfer [0x565112fa7400] Transfer state 0x0 len 0x0 needed 0x3 pos 0x0 addr 0x305 tx 0x5
m25p80_transfer [0x565112fa7400] Transfer state 0x5 len 0x1 needed 0x3 pos 0x0 addr 0x305 tx 0xff
m25p80_select [0x565112fa7400] deselect
m25p80_select [0x565112fa7400] select
m25p80_transfer [0x565112fa7400] Transfer state 0x0 len 0x0 needed 0x3 pos 0x0 addr 0x305 tx 0x2
m25p80_transfer [0x565112fa7400] Transfer state 0x3 len 0x0 needed 0x3 pos 0x0 addr 0x305 tx 0x0
m25p80_transfer [0x565112fa7400] Transfer state 0x3 len 0x1 needed 0x3 pos 0x0 addr 0x305 tx 0x4
m25p80_transfer [0x565112fa7400] Transfer state 0x3 len 0x2 needed 0x3 pos 0x0 addr 0x305 tx 0x0
m25p80_transfer [0x565112fa7400] Transfer state 0x1 len 0x3 needed 0x3 pos 0x0 addr 0x400 tx 0x86
m25p80_transfer [0x565112fa7400] Transfer state 0x1 len 0x3 needed 0x3 pos 0x0 addr 0x401 tx 0x87
m25p80_transfer [0x565112fa7400] Transfer state 0x1 len 0x3 needed 0x3 pos 0x0 addr 0x402 tx 0x88
m25p80_transfer [0x565112fa7400] Transfer state 0x1 len 0x3 needed 0x3 pos 0x0 addr 0x403 tx 0x89
m25p80_transfer [0x565112fa7400] Transfer state 0x1 len 0x3 needed 0x3 pos 0x0 addr 0x404 tx 0x8a
m25p80_select [0x565112fa7400] deselect
m25p80_select [0x565112fa7400] select
m25p80_transfer [0x565112fa7400] Transfer state 0x0 len 0x0 needed 0x3 pos 0x0 addr 0x405 tx 0x3
m25p80_transfer [0x565112fa7400] Transfer state 0x3 len 0x0 needed 0x3 pos 0x0 addr 0x405 tx 0x0
m25p80_transfer [0x565112fa7400] Transfer state 0x3 len 0x1 needed 0x3 pos 0x0 addr 0x405 tx 0x4
m25p80_transfer [0x565112fa7400] Transfer state 0x3 len 0x2 needed 0x3 pos 0x0 addr 0x405 tx 0x0
m25p80_transfer [0x565112fa7400] Transfer state 0x2 len 0x3 needed 0x3 pos 0x0 addr 0x400 tx 0xff
m25p80_transfer [0x565112fa7400] Transfer state 0x2 len 0x3 needed 0x3 pos 0x0 addr 0x401 tx 0xff
m25p80_transfer [0x565112fa7400] Transfer state 0x2 len 0x3 needed 0x3 pos 0x0 addr 0x402 tx 0xff
m25p80_transfer [0x565112fa7400] Transfer state 0x2 len 0x3 needed 0x3 pos 0x0 addr 0x403 tx 0xff
m25p80_transfer [0x565112fa7400] Transfer state 0x2 len 0x3 needed 0x3 pos 0x0 addr 0x404 tx 0xff
m25p80_select [0x565112fa7400] deselect
m25p80_select [0x565112fa7400] select
m25p80_transfer [0x565112fa7400] Transfer state 0x0 len 0x0 needed 0x3 pos 0x0 addr 0x405 tx 0x3
m25p80_transfer [0x565112fa7400] Transfer state 0x3 len 0x0 needed 0x3 pos 0x0 addr 0x405 tx 0x0
m25p80_transfer [0x565112fa7400] Transfer state 0x3 len 0x1 needed 0x3 pos 0x0 addr 0x405 tx 0x4
m25p80_transfer [0x565112fa7400] Transfer state 0x3 len 0x2 needed 0x3 pos 0x0 addr 0x405 tx 0x5
m25p80_transfer [0x565112fa7400] Transfer state 0x2 len 0x3 needed 0x3 pos 0x0 addr 0x405 tx 0xff
m25p80_select [0x565112fa7400] deselect
m25p80_select [0x565112fa7400] select
m25p80_transfer [0x565112fa7400] Transfer state 0x0 len 0x0 needed 0x3 pos 0x0 addr 0x406 tx 0x6
m25p80_select [0x565112fa7400] deselect
m25p80_select [0x565112fa7400] select
m25p80_transfer [0x565112fa7400] Transfer state 0x0 len 0x0 needed 0x3 pos 0x0 addr 0x406 tx 0x5
m25p80_transfer [0x565112fa7400] Transfer state 0x5 len 0x1 needed 0x3 pos 0x0 addr 0x406 tx 0xff
m25p80_select [0x565112fa7400] deselect
m25p80_select [0x565112fa7400] select
m25p80_transfer [0x565112fa7400] Transfer state 0x0 len 0x0 needed 0x3 pos 0x0 addr 0x406 tx 0x2
m25p80_transfer [0x565112fa7400] Transfer state 0x3 len 0x0 needed 0x3 pos 0x0 addr 0x406 tx 0x0
m25p80_transfer [0x565112fa7400] Transfer state 0x3 len 0x1 needed 0x3 pos 0x0 addr 0x406 tx 0x5
m25p80_transfer [0x565112fa7400] Transfer state 0x3 len 0x2 needed 0x3 pos 0x0 addr 0x406 tx 0x0
m25p80_transfer [0x565112fa7400] Transfer state 0x1 len 0x3 needed 0x3 pos 0x0 addr 0x500 tx 0x97
m25p80_transfer [0x565112fa7400] Transfer state 0x1 len 0x3 needed 0x3 pos 0x0 addr 0x501 tx 0x98
m25p80_transfer [0x565112fa7400] Transfer state 0x1 len 0x3 needed 0x3 pos 0x0 addr 0x502 tx 0x99
m25p80_transfer [0x565112fa7400] Transfer state 0x1 len 0x3 needed 0x3 pos 0x0 addr 0x503 tx 0x9a
m25p80_transfer [0x565112fa7400] Transfer state 0x1 len 0x3 needed 0x3 pos 0x0 addr 0x504 tx 0x9b
m25p80_transfer [0x565112fa7400] Transfer state 0x1 len 0x3 needed 0x3 pos 0x0 addr 0x505 tx 0x9c
m25p80_transfer [0x565112fa7400] Transfer state 0x1 len 0x3 needed 0x3 pos 0x0 addr 0x506 tx 0x9d
m25p80_transfer [0x565112fa7400] Transfer state 0x1 len 0x3 needed 0x3 pos 0x0 addr 0x507 tx 0x9e
m25p80_transfer [0x565112fa7400] Transfer state 0x1 len 0x3 needed 0x3 pos 0x0 addr 0x508 tx 0x9f
m25p80_transfer [0x565112fa7400] Transfer state 0x1 len 0x3 needed 0x3 pos 0x0 addr 0x509 tx 0xa0
m25p80_transfer [0x565112fa7400] Transfer state 0x1 len 0x3 needed 0x3 pos 0x0 addr 0x50a tx 0xa1
m25p80_transfer [0x565112fa7400] Transfer state 0x1 len 0x3 needed 0x3 pos 0x0 addr 0x50b tx 0xa2
m25p80_transfer [0x565112fa7400] Transfer state 0x1 len 0x3 needed 0x3 pos 0x0 addr 0x50c tx 0xa3
m25p80_transfer [0x565112fa7400] Transfer state 0x1 len 0x3 needed 0x3 pos 0x0 addr 0x50d tx 0xa4
m25p80_transfer [0x565112fa7400] Transfer state 0x1 len 0x3 needed 0x3 pos 0x0 addr 0x50e tx 0xa5
m25p80_transfer [0x565112fa7400] Transfer state 0x1 len 0x3 needed 0x3 pos 0x0 addr 0x50f tx 0xa6
m25p80_transfer [0x565112fa7400] Transfer state 0x1 len 0x3 needed 0x3 pos 0x0 addr 0x510 tx 0xa7
m25p80_transfer [0x565112fa7400] Transfer state 0x1 len 0x3 needed 0x3 pos 0x0 addr 0x511 tx 0xa8
m25p80_transfer [0x565112fa7400] Transfer state 0x1 len 0x3 needed 0x3 pos 0x0 addr 0x512 tx 0xa9
m25p80_transfer [0x565112fa7400] Transfer state 0x1 len 0x3 needed 0x3 pos 0x0 addr 0x513 tx 0xaa
m25p80_transfer [0x565112fa7400] Transfer state 0x1 len 0x3 needed 0x3 pos 0x0 addr 0x514 tx 0xab
m25p80_transfer [0x565112fa7400] Transfer state 0x1 len 0x3 needed 0x3 pos 0x0 addr 0x515 tx 0xac
m25p80_transfer [0x565112fa7400] Transfer state 0x1 len 0x3 needed 0x3 pos 0x0 addr 0x516 tx 0xad
m25p80_transfer [0x565112fa7400] Transfer state 0x1 len 0x3 needed 0x3 pos 0x0 addr 0x517 tx 0xae
m25p80_transfer [0x565112fa7400] Transfer state 0x1 len 0x3 needed 0x3 pos 0x0 addr 0x518 tx 0xaf
m25p80_transfer [0x565112fa7400] Transfer state 0x1 len 0x3 needed 0x3 pos 0x0 addr 0x519 tx 0xb0
m25p80_transfer [0x565112fa7400] Transfer state 0x1 len 0x3 needed 0x3 pos 0x0 addr 0x51a tx 0xb1
m25p80_transfer [0x565112fa7400] Transfer state 0x1 len 0x3 needed 0x3 pos 0x0 addr 0x51b tx 0xb2
m25p80_transfer [0x565112fa7400] Transfer state 0x1 len 0x3 needed 0x3 pos 0x0 addr 0x51c tx 0xb3
m25p80_transfer [0x565112fa7400] Transfer state 0x1 len 0x3 needed 0x3 pos 0x0 addr 0x51d tx 0xb4
m25p80_transfer [0x565112fa7400] Transfer state 0x1 len 0x3 needed 0x3 pos 0x0 addr 0x51e tx 0xb5
m25p80_select [0x565112fa7400] deselect
m25p80_select [0x565112fa7400] select
m25p80_transfer [0x565112fa7400] Transfer state 0x0 len 0x0 needed 0x3 pos 0x0 addr 0x51f tx 0x3
m25p80_transfer [0x565112fa7400] Transfer state 0x3 len 0x0 needed 0x3 pos 0x0 addr 0x51f tx 0x0
m25p80_transfer [0x565112fa7400] Transfer state 0x3 len 0x1 needed 0x3 pos 0x0 addr 0x51f tx 0x5
m25p80_transfer [0x565112fa7400] Transfer state 0x3 len 0x2 needed 0x3 pos 0x0 addr 0x51f tx 0x0
m25p80_transfer [0x565112fa7400] Transfer state 0x2 len 0x3 needed 0x3 pos 0x0 addr 0x500 tx 0xff
m25p80_transfer [0x565112fa7400] Transfer state 0x2 len 0x3 needed 0x3 pos 0x0 addr 0x501 tx 0xff
m25p80_transfer [0x565112fa7400] Transfer state 0x2 len 0x3 needed 0x3 pos 0x0 addr 0x502 tx 0xff
m25p80_transfer [0x565112fa7400] Transfer state 0x2 len 0x3 needed 0x3 pos 0x0 addr 0x503 tx 0xff
m25p80_transfer [0x565112fa7400] Transfer state 0x2 len 0x3 needed 0x3 pos 0x0 addr 0x504 tx 0xff
m25p80_transfer [0x565112fa7400] Transfer state 0x2 len 0x3 needed 0x3 pos 0x0 addr 0x505 tx 0xff
m25p80_transfer [0x565112fa7400] Transfer state 0x2 len 0x3 needed 0x3 pos 0x0 addr 0x506 tx 0xff
m25p80_transfer [0x565112fa7400] Transfer state 0x2 len 0x3 needed 0x3 pos 0x0 addr 0x507 tx 0xff
m25p80_transfer [0x565112fa7400] Transfer state 0x2 len 0x3 needed 0x3 pos 0x0 addr 0x508 tx 0xff
m25p80_transfer [0x565112fa7400] Transfer state 0x2 len 0x3 needed 0x3 pos 0x0 addr 0x509 tx 0xff
m25p80_transfer [0x565112fa7400] Transfer state 0x2 len 0x3 needed 0x3 pos 0x0 addr 0x50a tx 0xff
m25p80_transfer [0x565112fa7400] Transfer state 0x2 len 0x3 needed 0x3 pos 0x0 addr 0x50b tx 0xff
m25p80_transfer [0x565112fa7400] Transfer state 0x2 len 0x3 needed 0x3 pos 0x0 addr 0x50c tx 0xff
m25p80_transfer [0x565112fa7400] Transfer state 0x2 len 0x3 needed 0x3 pos 0x0 addr 0x50d tx 0xff
m25p80_transfer [0x565112fa7400] Transfer state 0x2 len 0x3 needed 0x3 pos 0x0 addr 0x50e tx 0xff
m25p80_transfer [0x565112fa7400] Transfer state 0x2 len 0x3 needed 0x3 pos 0x0 addr 0x50f tx 0xff
m25p80_transfer [0x565112fa7400] Transfer state 0x2 len 0x3 needed 0x3 pos 0x0 addr 0x510 tx 0xff
m25p80_transfer [0x565112fa7400] Transfer state 0x2 len 0x3 needed 0x3 pos 0x0 addr 0x511 tx 0xff
m25p80_transfer [0x565112fa7400] Transfer state 0x2 len 0x3 needed 0x3 pos 0x0 addr 0x512 tx 0xff
m25p80_transfer [0x565112fa7400] Transfer state 0x2 len 0x3 needed 0x3 pos 0x0 addr 0x513 tx 0xff
m25p80_transfer [0x565112fa7400] Transfer state 0x2 len 0x3 needed 0x3 pos 0x0 addr 0x514 tx 0xff
m25p80_transfer [0x565112fa7400] Transfer state 0x2 len 0x3 needed 0x3 pos 0x0 addr 0x515 tx 0xff
m25p80_transfer [0x565112fa7400] Transfer state 0x2 len 0x3 needed 0x3 pos 0x0 addr 0x516 tx 0xff
m25p80_transfer [0x565112fa7400] Transfer state 0x2 len 0x3 needed 0x3 pos 0x0 addr 0x517 tx 0xff
m25p80_transfer [0x565112fa7400] Transfer state 0x2 len 0x3 needed 0x3 pos 0x0 addr 0x518 tx 0xff
m25p80_transfer [0x565112fa7400] Transfer state 0x2 len 0x3 needed 0x3 pos 0x0 addr 0x519 tx 0xff
m25p80_transfer [0x565112fa7400] Transfer state 0x2 len 0x3 needed 0x3 pos 0x0 addr 0x51a tx 0xff
m25p80_transfer [0x565112fa7400] Transfer state 0x2 len 0x3 needed 0x3 pos 0x0 addr 0x51b tx 0xff
m25p80_transfer [0x565112fa7400] Transfer state 0x2 len 0x3 needed 0x3 pos 0x0 addr 0x51c tx 0xff
m25p80_transfer [0x565112fa7400] Transfer state 0x2 len 0x3 needed 0x3 pos 0x0 addr 0x51d tx 0xff
m25p80_transfer [0x565112fa7400] Transfer state 0x2 len 0x3 needed 0x3 pos 0x0 addr 0x51e tx 0xff
m25p80_select [0x565112fa7400] deselect
m25p80_select [0x565112fa7400] select
m25p80_transfer [0x565112fa7400] Transfer state 0x0 len 0x0 needed 0x3 pos 0x0 addr 0x51f tx 0x3
m25p80_transfer [0x565112fa7400] Transfer state 0x3 len 0x0 needed 0x3 pos 0x0 addr 0x51f tx 0x0
m25p80_transfer [0x565112fa7400] Transfer state 0x3 len 0x1 needed 0x3 pos 0x0 addr 0x51f tx 0x5
m25p80_transfer [0x565112fa7400] Transfer state 0x3 len 0x2 needed 0x3 pos 0x0 addr 0x51f tx 0x1f
m25p80_transfer [0x565112fa7400] Transfer state 0x2 len 0x3 needed 0x3 pos 0x0 addr 0x51f tx 0xff
m25p80_select [0x565112fa7400] deselect
m25p80_select [0x565112fa7400] select
m25p80_transfer [0x565112fa7400] Transfer state 0x0 len 0x0 needed 0x3 pos 0x0 addr 0x520 tx 0x6
m25p80_select [0x565112fa7400] deselect
m25p80_select [0x565112fa7400] select
m25p80_transfer [0x565112fa7400] Transfer state 0x0 len 0x0 needed 0x3 pos 0x0 addr 0x520 tx 0x5
m25p80_transfer [0x565112fa7400] Transfer state 0x5 len 0x1 needed 0x3 pos 0x0 addr 0x520 tx 0xff
m25p80_select [0x565112fa7400] deselect
m25p80_select [0x565112fa7400] select
m25p80_transfer [0x565112fa7400] Transfer state 0x0 len 0x0 needed 0x3 pos 0x0 addr 0x520 tx 0x2
m25p80_transfer [0x565112fa7400] Transfer state 0x3 len 0x0 needed 0x3 pos 0x0 addr 0x520 tx 0x0
m25p80_transfer [0x565112fa7400] Transfer state 0x3 len 0x1 needed 0x3 pos 0x0 addr 0x520 tx 0x6
m25p80_transfer [0x565112fa7400] Transfer state 0x3 len 0x2 needed 0x3 pos 0x0 addr 0x520 tx 0x0
m25p80_transfer [0x565112fa7400] Transfer state 0x1 len 0x3 needed 0x3 pos 0x0 addr 0x600 tx 0xa8
m25p80_transfer [0x565112fa7400] Transfer state 0x1 len 0x3 needed 0x3 pos 0x0 addr 0x601 tx 0xa9
m25p80_transfer [0x565112fa7400] Transfer state 0x1 len 0x3 needed 0x3 pos 0x0 addr 0x602 tx 0xaa
m25p80_transfer [0x565112fa7400] Transfer state 0x1 len 0x3 needed 0x3 pos 0x0 addr 0x603 tx 0xab
m25p80_transfer [0x565112fa7400] Transfer state 0x1 len 0x3 needed 0x3 pos 0x0 addr 0x604 tx 0xac
m25p80_transfer [0x565112fa7400] Transfer state 0x1 len 0x3 needed 0x3 pos 0x0 addr 0x605 tx 0xad
m25p80_transfer [0x565112fa7400] Transfer state 0x1 len 0x3 needed 0x3 pos 0x0 addr 0x606 tx 0xae
m25p80_transfer [0x565112fa7400] Transfer state 0x1 len 0x3 needed 0x3 pos 0x0 addr 0x607 tx 0xaf
m25p80_transfer [0x565112fa7400] Transfer state 0x1 len 0x3 needed 0x3 pos 0x0 addr 0x608 tx 0xb0
m25p80_transfer [0x565112fa7400] Transfer state 0x1 len 0x3 needed 0x3 pos 0x0 addr 0x609 tx 0xb1
m25p80_transfer [0x565112fa7400] Transfer state 0x1 len 0x3 needed 0x3 pos 0x0 addr 0x60a tx 0xb2
m25p80_transfer [0x565112fa7400] Transfer state 0x1 len 0x3 needed 0x3 pos 0x0 addr 0x60b tx 0xb3
m25p80_transfer [0x565112fa7400] Transfer state 0x1 len 0x3 needed 0x3 pos 0x0 addr 0x60c tx 0xb4
m25p80_transfer [0x565112fa7400] Transfer state 0x1 len 0x3 needed 0x3 pos 0x0 addr 0x60d tx 0xb5
m25p80_transfer [0x565112fa7400] Transfer state 0x1 len 0x3 needed 0x3 pos 0x0 addr 0x60e tx 0xb6
m25p80_transfer [0x565112fa7400] Transfer state 0x1 len 0x3 needed 0x3 pos 0x0 addr 0x60f tx 0xb7
m25p80_transfer [0x565112fa7400] Transfer state 0x1 len 0x3 needed 0x3 pos 0x0 addr 0x610 tx 0xb8
m25p80_transfer [0x565112fa7400] Transfer state 0x1 len 0x3 needed 0x3 pos 0x0 addr 0x611 tx 0xb9
m25p80_transfer [0x565112fa7400] Transfer state 0x1 len 0x3 needed 0x3 pos 0x0 addr 0x612 tx 0xba
m25p80_transfer [0x565112fa7400] Transfer state 0x1 len 0x3 needed 0x3 pos 0x0 addr 0x613 tx 0xbb
m25p80_transfer [0x565112fa7400] Transfer state 0x1 len 0x3 needed 0x3 pos 0x0 addr 0x614 tx 0xbc
m25p80_transfer [0x565112fa7400] Transfer state 0x1 len 0x3 needed 0x3 pos 0x0 addr 0x615 tx 0xbd
m25p80_transfer [0x565112fa7400] Transfer state 0x1 len 0x3 needed 0x3 pos 0x0 addr 0x616 tx 0xbe
m25p80_transfer [0x565112fa7400] Transfer state 0x1 len 0x3 needed 0x3 pos 0x0 addr 0x617 tx 0xbf
m25p80_transfer [0x565112fa7400] Transfer state 0x1 len 0x3 needed 0x3 pos 0x0 addr 0x618 tx 0xc0
m25p80_transfer [0x565112fa7400] Transfer state 0x1 len 0x3 needed 0x3 pos 0x0 addr 0x619 tx 0xc1
m25p80_transfer [0x565112fa7400] Transfer state 0x1 len 0x3 needed 0x3 pos 0x0 addr 0x61a tx 0xc2
m25p80_transfer [0x565112fa7400] Transfer state 0x1 len 0x3 needed 0x3 pos 0x0 addr 0x61b tx 0xc3
m25p80_transfer [0x565112fa7400] Transfer state 0x1 len 0x3 needed 0x3 pos 0x0 addr 0x61c tx 0xc4
m25p80_transfer [0x565112fa7400] Transfer state 0x1 len 0x3 needed 0x3 pos 0x0 addr 0x61d tx 0xc5
m25p80_transfer [0x565112fa7400] Transfer state 0x1 len 0x3 needed 0x3 pos 0x0 addr 0x61e tx 0xc6
m25p80_transfer [0x565112fa7400] Transfer state 0x1 len 0x3 needed 0x3 pos 0x0 addr 0x61f tx 0xc7
m25p80_select [0x565112fa7400] deselect
m25p80_select [0x565112fa7400] select
m25p80_transfer [0x565112fa7400] Transfer state 0x0 len 0x0 needed 0x3 pos 0x0 addr 0x620 tx 0x3
m25p80_transfer [0x565112fa7400] Transfer state 0x3 len 0x0 needed 0x3 pos 0x0 addr 0x620 tx 0x0
m25p80_transfer [0x565112fa7400] Transfer state 0x3 len 0x1 needed 0x3 pos 0x0 addr 0x620 tx 0x6
m25p80_transfer [0x565112fa7400] Transfer state 0x3 len 0x2 needed 0x3 pos 0x0 addr 0x620 tx 0x0
m25p80_transfer [0x565112fa7400] Transfer state 0x2 len 0x3 needed 0x3 pos 0x0 addr 0x600 tx 0xff
m25p80_transfer [0x565112fa7400] Transfer state 0x2 len 0x3 needed 0x3 pos 0x0 addr 0x601 tx 0xff
m25p80_transfer [0x565112fa7400] Transfer state 0x2 len 0x3 needed 0x3 pos 0x0 addr 0x602 tx 0xff
m25p80_transfer [0x565112fa7400] Transfer state 0x2 len 0x3 needed 0x3 pos 0x0 addr 0x603 tx 0xff
m25p80_transfer [0x565112fa7400] Transfer state 0x2 len 0x3 needed 0x3 pos 0x0 addr 0x604 tx 0xff
m25p80_transfer [0x565112fa7400] Transfer state 0x2 len 0x3 needed 0x3 pos 0x0 addr 0x605 tx 0xff
m25p80_transfer [0x565112fa7400] Transfer state 0x2 len 0x3 needed 0x3 pos 0x0 addr 0x606 tx 0xff
m25p80_transfer [0x565112fa7400] Transfer state 0x2 len 0x3 needed 0x3 pos 0x0 addr 0x607 tx 0xff
m25p80_transfer [0x565112fa7400] Transfer state 0x2 len 0x3 needed 0x3 pos 0x0 addr 0x608 tx 0xff
m25p80_transfer [0x565112fa7400] Transfer state 0x2 len 0x3 needed 0x3 pos 0x0 addr 0x609 tx 0xff
m25p80_transfer [0x565112fa7400] Transfer state 0x2 len 0x3 needed 0x3 pos 0x0 addr 0x60a tx 0xff
m25p80_transfer [0x565112fa7400] Transfer state 0x2 len 0x3 needed 0x3 pos 0x0 addr 0x60b tx 0xff
m25p80_transfer [0x565112fa7400] Transfer state 0x2 len 0x3 needed 0x3 pos 0x0 addr 0x60c tx 0xff
m25p80_transfer [0x565112fa7400] Transfer state 0x2 len 0x3 needed 0x3 pos 0x0 addr 0x60d tx 0xff
m25p80_transfer [0x565112fa7400] Transfer state 0x2 len 0x3 needed 0x3 pos 0x0 addr 0x60e tx 0xff
m25p80_transfer [0x565112fa7400] Transfer state 0x2 len 0x3 needed 0x3 pos 0x0 addr 0x60f tx 0xff
m25p80_transfer [0x565112fa7400] Transfer state 0x2 len 0x3 needed 0x3 pos 0x0 addr 0x610 tx 0xff
m25p80_transfer [0x565112fa7400] Transfer state 0x2 len 0x3 needed 0x3 pos 0x0 addr 0x611 tx 0xff
m25p80_transfer [0x565112fa7400] Transfer state 0x2 len 0x3 needed 0x3 pos 0x0 addr 0x612 tx 0xff
m25p80_transfer [0x565112fa7400] Transfer state 0x2 len 0x3 needed 0x3 pos 0x0 addr 0x613 tx 0xff
m25p80_transfer [0x565112fa7400] Transfer state 0x2 len 0x3 needed 0x3 pos 0x0 addr 0x614 tx 0xff
m25p80_transfer [0x565112fa7400] Transfer state 0x2 len 0x3 needed 0x3 pos 0x0 addr 0x615 tx 0xff
m25p80_transfer [0x565112fa7400] Transfer state 0x2 len 0x3 needed 0x3 pos 0x0 addr 0x616 tx 0xff
m25p80_transfer [0x565112fa7400] Transfer state 0x2 len 0x3 needed 0x3 pos 0x0 addr 0x617 tx 0xff
m25p80_transfer [0x565112fa7400] Transfer state 0x2 len 0x3 needed 0x3 pos 0x0 addr 0x618 tx 0xff
m25p80_transfer [0x565112fa7400] Transfer state 0x2 len 0x3 needed 0x3 pos 0x0 addr 0x619 tx 0xff
m25p80_transfer [0x565112fa7400] Transfer state 0x2 len 0x3 needed 0x3 pos 0x0 addr 0x61a tx 0xff
m25p80_transfer [0x565112fa7400] Transfer state 0x2 len 0x3 needed 0x3 pos 0x0 addr 0x61b tx 0xff
m25p80_transfer [0x565112fa7400] Transfer state 0x2 len 0x3 needed 0x3 pos 0x0 addr 0x61c tx 0xff
m25p80_transfer [0x565112fa7400] Transfer state 0x2 len 0x3 needed 0x3 pos 0x0 addr 0x61d tx 0xff
m25p80_transfer [0x565112fa7400] Transfer state 0x2 len 0x3 needed 0x3 pos 0x0 addr 0x61e tx 0xff
m25p80_transfer [0x565112fa7400] Transfer state 0x2 len 0x3 needed 0x3 pos 0x0 addr 0x61f tx 0xff
m25p80_select [0x565112fa7400] deselect
m25p80_select [0x565112fa7400] select
m25p80_transfer [0x565112fa7400] Transfer state 0x0 len 0x0 needed 0x3 pos 0x0 addr 0x620 tx 0x3
m25p80_transfer [0x565112fa7400] Transfer state 0x3 len 0x0 needed 0x3 pos 0x0 addr 0x620 tx 0x0
m25p80_transfer [0x565112fa7400] Transfer state 0x3 len 0x1 needed 0x3 pos 0x0 addr 0x620 tx 0x6
m25p80_transfer [0x565112fa7400] Transfer state 0x3 len 0x2 needed 0x3 pos 0x0 addr 0x620 tx 0x20
m25p80_transfer [0x565112fa7400] Transfer state 0x2 len 0x3 needed 0x3 pos 0x0 addr 0x620 tx 0xff
m25p80_select [0x565112fa7400] deselect
